Component: Arm Compiler for Embedded 6.21 Tool: armlink [5ec1fa00]

==============================================================================

Section Cross References

    flash_access.o(.text.flashx_init) refers to stm32f1xx_hal_flash.o(.text.HAL_FLASH_Unlock) for HAL_FLASH_Unlock
    flash_access.o(.text.flashx_init) refers to stm32f1xx_hal_flash.o(.text.HAL_FLASH_Program) for HAL_FLASH_Program
    flash_access.o(.text.flashx_init) refers to stm32f1xx_hal_flash.o(.text.HAL_FLASH_Lock) for HAL_FLASH_Lock
    flash_access.o(.ARM.exidx.text.flashx_init) refers to flash_access.o(.text.flashx_init) for [Anonymous Symbol]
    flash_access.o(.text.flash_init) refers to stm32f1xx_hal_flash.o(.text.HAL_FLASH_Unlock) for HAL_FLASH_Unlock
    flash_access.o(.ARM.exidx.text.flash_init) refers to flash_access.o(.text.flash_init) for [Anonymous Symbol]
    flash_access.o(.ARM.exidx.text.flash_read_multi_blocks) refers to flash_access.o(.text.flash_read_multi_blocks) for [Anonymous Symbol]
    flash_access.o(.text.flash_write_multi_blocks) refers to stm32f1xx_hal_flash_ex.o(.text.HAL_FLASHEx_Erase) for HAL_FLASHEx_Erase
    flash_access.o(.text.flash_write_multi_blocks) refers to stm32f1xx_hal_flash.o(.text.HAL_FLASH_Program) for HAL_FLASH_Program
    flash_access.o(.ARM.exidx.text.flash_write_multi_blocks) refers to flash_access.o(.text.flash_write_multi_blocks) for [Anonymous Symbol]
    main.o(.text.USB_Reset) refers to stm32f1xx_hal_gpio.o(.text.HAL_GPIO_WritePin) for HAL_GPIO_WritePin
    main.o(.text.USB_Reset) refers to stm32f1xx_hal_gpio.o(.text.HAL_GPIO_Init) for HAL_GPIO_Init
    main.o(.text.USB_Reset) refers to stm32f1xx_hal.o(.text.HAL_Delay) for HAL_Delay
    main.o(.text.USB_Reset) refers to stm32f1xx_hal_gpio.o(.text.HAL_GPIO_DeInit) for HAL_GPIO_DeInit
    main.o(.ARM.exidx.text.USB_Reset) refers to main.o(.text.USB_Reset) for [Anonymous Symbol]
    main.o(.text.LED_Blink) refers to stm32f1xx_hal_gpio.o(.text.HAL_GPIO_WritePin) for HAL_GPIO_WritePin
    main.o(.text.LED_Blink) refers to stm32f1xx_hal.o(.text.HAL_Delay) for HAL_Delay
    main.o(.text.LED_Blink) refers to stm32f1xx_hal_gpio.o(.text.HAL_GPIO_ReadPin) for HAL_GPIO_ReadPin
    main.o(.ARM.exidx.text.LED_Blink) refers to main.o(.text.LED_Blink) for [Anonymous Symbol]
    main.o(.text.main) refers to stm32f1xx_hal.o(.text.HAL_Init) for HAL_Init
    main.o(.text.main) refers to main.o(.text.SystemClock_Config) for SystemClock_Config
    main.o(.text.main) refers to main.o(.text.USB_Reset) for USB_Reset
    main.o(.text.main) refers to gpio.o(.text.MX_GPIO_Init) for MX_GPIO_Init
    main.o(.text.main) refers to rtc.o(.text.MX_RTC_Init) for MX_RTC_Init
    main.o(.text.main) refers to flash_access.o(.text.flashx_init) for flashx_init
    main.o(.text.main) refers to main.o(.text.LED_Blink) for LED_Blink
    main.o(.text.main) refers to usb_device.o(.text.MX_USB_DEVICE_Init) for MX_USB_DEVICE_Init
    main.o(.ARM.exidx.text.main) refers to main.o(.text.main) for [Anonymous Symbol]
    main.o(.text.SystemClock_Config) refers to stm32f1xx_hal_rcc.o(.text.HAL_RCC_OscConfig) for HAL_RCC_OscConfig
    main.o(.text.SystemClock_Config) refers to stm32f1xx_hal_rcc.o(.text.HAL_RCC_ClockConfig) for HAL_RCC_ClockConfig
    main.o(.text.SystemClock_Config) refers to stm32f1xx_hal_rcc_ex.o(.text.HAL_RCCEx_PeriphCLKConfig) for HAL_RCCEx_PeriphCLKConfig
    main.o(.ARM.exidx.text.SystemClock_Config) refers to main.o(.text.SystemClock_Config) for [Anonymous Symbol]
    main.o(.ARM.exidx.text.Error_Handler) refers to main.o(.text.Error_Handler) for [Anonymous Symbol]
    gpio.o(.text.MX_GPIO_Init) refers to stm32f1xx_hal_gpio.o(.text.HAL_GPIO_WritePin) for HAL_GPIO_WritePin
    gpio.o(.text.MX_GPIO_Init) refers to stm32f1xx_hal_gpio.o(.text.HAL_GPIO_Init) for HAL_GPIO_Init
    gpio.o(.ARM.exidx.text.MX_GPIO_Init) refers to gpio.o(.text.MX_GPIO_Init) for [Anonymous Symbol]
    rtc.o(.text.MX_RTC_Init) refers to stm32f1xx_hal_rtc.o(.text.HAL_RTC_Init) for HAL_RTC_Init
    rtc.o(.text.MX_RTC_Init) refers to main.o(.text.Error_Handler) for Error_Handler
    rtc.o(.text.MX_RTC_Init) refers to rtc.o(.bss.hrtc) for hrtc
    rtc.o(.ARM.exidx.text.MX_RTC_Init) refers to rtc.o(.text.MX_RTC_Init) for [Anonymous Symbol]
    rtc.o(.text.HAL_RTC_MspInit) refers to stm32f1xx_hal_pwr.o(.text.HAL_PWR_EnableBkUpAccess) for HAL_PWR_EnableBkUpAccess
    rtc.o(.ARM.exidx.text.HAL_RTC_MspInit) refers to rtc.o(.text.HAL_RTC_MspInit) for [Anonymous Symbol]
    rtc.o(.ARM.exidx.text.HAL_RTC_MspDeInit) refers to rtc.o(.text.HAL_RTC_MspDeInit) for [Anonymous Symbol]
    stm32f1xx_it.o(.ARM.exidx.text.NMI_Handler) refers to stm32f1xx_it.o(.text.NMI_Handler) for [Anonymous Symbol]
    stm32f1xx_it.o(.ARM.exidx.text.HardFault_Handler) refers to stm32f1xx_it.o(.text.HardFault_Handler) for [Anonymous Symbol]
    stm32f1xx_it.o(.ARM.exidx.text.MemManage_Handler) refers to stm32f1xx_it.o(.text.MemManage_Handler) for [Anonymous Symbol]
[...]
    [Anonymous Symbol]                       0x08000d60   Section        0  stm32f1xx_hal_pcd.o(.text.HAL_PCD_Init)
    [Anonymous Symbol]                       0x08000e24   Section        0  usbd_conf.o(.text.HAL_PCD_MspInit)
    __arm_cp.0_0                             0x08000e58   Number         4  usbd_conf.o(.text.HAL_PCD_MspInit)
    __arm_cp.0_1                             0x08000e5c   Number         4  usbd_conf.o(.text.HAL_PCD_MspInit)
    [Anonymous Symbol]                       0x08000e60   Section        0  usbd_conf.o(.text.HAL_PCD_ResetCallback)
    [Anonymous Symbol]                       0x08000e84   Section        0  usbd_conf.o(.text.HAL_PCD_ResumeCallback)
    [Anonymous Symbol]                       0x08000e8c   Section        0  usbd_conf.o(.text.HAL_PCD_SOFCallback)
    [Anonymous Symbol]                       0x08000e94   Section        0  stm32f1xx_hal_pcd.o(.text.HAL_PCD_SetAddress)
    [Anonymous Symbol]                       0x08000eb0   Section        0  usbd_conf.o(.text.HAL_PCD_SetupStageCallback)
    [Anonymous Symbol]                       0x08000ebe   Section        0  stm32f1xx_hal_pcd.o(.text.HAL_PCD_Start)
    [Anonymous Symbol]                       0x08000ee0   Section        0  usbd_conf.o(.text.HAL_PCD_SuspendCallback)
    __arm_cp.7_0                             0x08000efc   Number         4  usbd_conf.o(.text.HAL_PCD_SuspendCallback)
    [Anonymous Symbol]                       0x08000f00   Section        0  stm32f1xx_hal_pwr.o(.text.HAL_PWR_EnableBkUpAccess)
    __arm_cp.1_0                             0x08000f08   Number         4  stm32f1xx_hal_pwr.o(.text.HAL_PWR_EnableBkUpAccess)
    [Anonymous Symbol]                       0x08000f0c   Section        0  stm32f1xx_hal_rcc_ex.o(.text.HAL_RCCEx_GetPeriphCLKFreq)
    __arm_cp.2_0                             0x08000fb4   Number         4  stm32f1xx_hal_rcc_ex.o(.text.HAL_RCCEx_GetPeriphCLKFreq)
    [Anonymous Symbol]                       0x08000fcc   Section        0  stm32f1xx_hal_rcc_ex.o(.text.HAL_RCCEx_PeriphCLKConfig)
    __arm_cp.0_1                             0x080010a8   Number         4  stm32f1xx_hal_rcc_ex.o(.text.HAL_RCCEx_PeriphCLKConfig)
    __arm_cp.0_2                             0x080010ac   Number         4  stm32f1xx_hal_rcc_ex.o(.text.HAL_RCCEx_PeriphCLKConfig)
    [Anonymous Symbol]                       0x080010b0   Section        0  stm32f1xx_hal_rcc.o(.text.HAL_RCC_ClockConfig)
    __arm_cp.2_0                             0x080011e4   Number         4  stm32f1xx_hal_rcc.o(.text.HAL_RCC_ClockConfig)
    __arm_cp.2_2                             0x080011e8   Number         4  stm32f1xx_hal_rcc.o(.text.HAL_RCC_ClockConfig)
    __arm_cp.2_4                             0x080011ec   Number         4  stm32f1xx_hal_rcc.o(.text.HAL_RCC_ClockConfig)
    [Anonymous Symbol]                       0x080011f0   Section        0  stm32f1xx_hal_rcc.o(.text.HAL_RCC_GetPCLK2Freq)
    __arm_cp.9_2                             0x08001204   Number         4  stm32f1xx_hal_rcc.o(.text.HAL_RCC_GetPCLK2Freq)
    [Anonymous Symbol]                       0x08001208   Section        0  stm32f1xx_hal_rcc.o(.text.HAL_RCC_GetSysClockFreq)
    __arm_cp.3_0                             0x0800123c   Number         4  stm32f1xx_hal_rcc.o(.text.HAL_RCC_GetSysClockFreq)
    __arm_cp.3_1                             0x08001240   Number         4  stm32f1xx_hal_rcc.o(.text.HAL_RCC_GetSysClockFreq)
    __arm_cp.3_4                             0x08001258   Number         4  stm32f1xx_hal_rcc.o(.text.HAL_RCC_GetSysClockFreq)
    [Anonymous Symbol]                       0x0800125c   Section        0  stm32f1xx_hal_rcc.o(.text.HAL_RCC_OscConfig)
    __arm_cp.1_0                             0x0800154c   Number         4  stm32f1xx_hal_rcc.o(.text.HAL_RCC_OscConfig)
    __arm_cp.1_1                             0x08001550   Number         4  stm32f1xx_hal_rcc.o(.text.HAL_RCC_OscConfig)
    __arm_cp.1_2                             0x08001554   Number         4  stm32f1xx_hal_rcc.o(.text.HAL_RCC_OscConfig)
    __arm_cp.1_3                             0x08001558   Number         4  stm32f1xx_hal_rcc.o(.text.HAL_RCC_OscConfig)
    [Anonymous Symbol]                       0x0800155c   Section        0  stm32f1xx_hal_rtc.o(.text.HAL_RTC_Init)
    __arm_cp.0_0                             0x080015f8   Number         4  stm32f1xx_hal_rtc.o(.text.HAL_RTC_Init)
    [Anonymous Symbol]                       0x080015fc   Section        0  rtc.o(.text.HAL_RTC_MspInit)
    __arm_cp.1_1                             0x0800162c   Number         4  rtc.o(.text.HAL_RTC_MspInit)
    __arm_cp.1_2                             0x08001630   Number         4  rtc.o(.text.HAL_RTC_MspInit)
    [Anonymous Symbol]                       0x08001634   Section        0  stm32f1xx_hal_rtc.o(.text.HAL_RTC_WaitForSynchro)
    [Anonymous Symbol]                       0x0800166c   Section        0  stm32f1xx_hal_cortex.o(.text.HAL_SYSTICK_Config)
    __arm_cp.6_0                             0x0800168c   Number         4  stm32f1xx_hal_cortex.o(.text.HAL_SYSTICK_Config)
    __arm_cp.6_1                             0x08001690   Number         4  stm32f1xx_hal_cortex.o(.text.HAL_SYSTICK_Config)
    [Anonymous Symbol]                       0x08001694   Section        0  stm32f1xx_it.o(.text.HardFault_Handler)
    IntToUnicode                             0x08001697   Thumb Code    42  usbd_desc.o(.text.IntToUnicode)
    [Anonymous Symbol]                       0x08001696   Section        0  usbd_desc.o(.text.IntToUnicode)
    [Anonymous Symbol]                       0x080016c0   Section        0  main.o(.text.LED_Blink)
    MSC_BOT_Abort                            0x08001701   Thumb Code    66  usbd_msc_bot.o(.text.MSC_BOT_Abort)
    [Anonymous Symbol]                       0x08001700   Section        0  usbd_msc_bot.o(.text.MSC_BOT_Abort)
    [Anonymous Symbol]                       0x08001742   Section        0  usbd_msc_bot.o(.text.MSC_BOT_CplClrFeature)
    [Anonymous Symbol]                       0x08001772   Section        0  usbd_msc_bot.o(.text.MSC_BOT_DataIn)
    [Anonymous Symbol]                       0x080017ac   Section        0  usbd_msc_bot.o(.text.MSC_BOT_DataOut)
    __arm_cp.5_0                             0x08001880   Number         4  usbd_msc_bot.o(.text.MSC_BOT_DataOut)
    [Anonymous Symbol]                       0x08001884   Section        0  usbd_msc_bot.o(.text.MSC_BOT_DeInit)
    [Anonymous Symbol]                       0x0800188e   Section        0  usbd_msc_bot.o(.text.MSC_BOT_Init)
    [Anonymous Symbol]                       0x080018c0   Section        0  usbd_msc_bot.o(.text.MSC_BOT_Reset)
    [Anonymous Symbol]                       0x080018d8   Section        0  usbd_msc_bot.o(.text.MSC_BOT_SendCSW)
    __arm_cp.4_0                             0x08001908   Number         4  usbd_msc_bot.o(.text.MSC_BOT_SendCSW)
    [Anonymous Symbol]                       0x0800190c   Section        0  gpio.o(.text.MX_GPIO_Init)
    __arm_cp.0_0                             0x080019a0   Number         4  gpio.o(.text.MX_GPIO_Init)
    __arm_cp.0_1                             0x080019a4   Number         4  gpio.o(.text.MX_GPIO_Init)
    [Anonymous Symbol]                       0x080019a8   Section        0  rtc.o(.text.MX_RTC_Init)
    __arm_cp.0_0                             0x080019cc   Number         4  rtc.o(.text.MX_RTC_Init)
    __arm_cp.0_1                             0x080019d0   Number         4  rtc.o(.text.MX_RTC_Init)
    [Anonymous Symbol]                       0x080019d4   Section        0  usb_device.o(.text.MX_USB_DEVICE_Init)
    __arm_cp.0_0                             0x08001a14   Number         4  usb_device.o(.text.MX_USB_DEVICE_Init)
    __arm_cp.0_1                             0x08001a18   Number         4  usb_device.o(.text.MX_USB_DEVICE_Init)
    __arm_cp.0_2                             0x08001a1c   Number         4  usb_device.o(.text.MX_USB_DEVICE_Init)
    __arm_cp.0_3                             0x08001a20   Number         4  usb_device.o(.text.MX_USB_DEVICE_Init)
    [Anonymous Symbol]                       0x08001a24   Section        0  stm32f1xx_it.o(.text.MemManage_Handler)
    [Anonymous Symbol]                       0x08001a26   Section        0  stm32f1xx_it.o(.text.NMI_Handler)
    OUTLINED_FUNCTION_0                      0x08001a29   Thumb Code     6  usbd_desc.o(.text.OUTLINED_FUNCTION_0)
    [Anonymous Symbol]                       0x08001a28   Section        0  usbd_desc.o(.text.OUTLINED_FUNCTION_0)
    OUTLINED_FUNCTION_0                      0x08001a2f   Thumb Code    16  stm32f1xx_hal_pcd.o(.text.OUTLINED_FUNCTION_0)
    [Anonymous Symbol]                       0x08001a2e   Section        0  stm32f1xx_hal_pcd.o(.text.OUTLINED_FUNCTION_0)
    OUTLINED_FUNCTION_0                      0x08001a3f   Thumb Code     8  stm32f1xx_ll_usb.o(.text.OUTLINED_FUNCTION_0)
    [Anonymous Symbol]                       0x08001a3e   Section        0  stm32f1xx_ll_usb.o(.text.OUTLINED_FUNCTION_0)
    OUTLINED_FUNCTION_0                      0x08001a47   Thumb Code    16  stm32f1xx_hal_rcc.o(.text.OUTLINED_FUNCTION_0)
    [Anonymous Symbol]                       0x08001a46   Section        0  stm32f1xx_hal_rcc.o(.text.OUTLINED_FUNCTION_0)
    OUTLINED_FUNCTION_0                      0x08001a57   Thumb Code    18  stm32f1xx_hal_cortex.o(.text.OUTLINED_FUNCTION_0)
    [Anonymous Symbol]                       0x08001a56   Section        0  stm32f1xx_hal_cortex.o(.text.OUTLINED_FUNCTION_0)
    OUTLINED_FUNCTION_0                      0x08001a69   Thumb Code     8  stm32f1xx_hal_flash_ex.o(.text.OUTLINED_FUNCTION_0)
    [Anonymous Symbol]                       0x08001a68   Section        0  stm32f1xx_hal_flash_ex.o(.text.OUTLINED_FUNCTION_0)
    OUTLINED_FUNCTION_0                      0x08001a71   Thumb Code    12  usbd_ctlreq.o(.text.OUTLINED_FUNCTION_0)
    [Anonymous Symbol]                       0x08001a70   Section        0  usbd_ctlreq.o(.text.OUTLINED_FUNCTION_0)
    OUTLINED_FUNCTION_0                      0x08001a7d   Thumb Code    12  usbd_msc_bot.o(.text.OUTLINED_FUNCTION_0)
    [Anonymous Symbol]                       0x08001a7c   Section        0  usbd_msc_bot.o(.text.OUTLINED_FUNCTION_0)
    OUTLINED_FUNCTION_0                      0x08001a89   Thumb Code    10  usbd_msc_scsi.o(.text.OUTLINED_FUNCTION_0)
    [Anonymous Symbol]                       0x08001a88   Section        0  usbd_msc_scsi.o(.text.OUTLINED_FUNCTION_0)
    OUTLINED_FUNCTION_1                      0x08001a93   Thumb Code     8  stm32f1xx_hal_pcd.o(.text.OUTLINED_FUNCTION_1)
    [Anonymous Symbol]                       0x08001a92   Section        0  stm32f1xx_hal_pcd.o(.text.OUTLINED_FUNCTION_1)
    OUTLINED_FUNCTION_1                      0x08001a9b   Thumb Code    22  stm32f1xx_ll_usb.o(.text.OUTLINED_FUNCTION_1)
    [Anonymous Symbol]                       0x08001a9a   Section        0  stm32f1xx_ll_usb.o(.text.OUTLINED_FUNCTION_1)
    OUTLINED_FUNCTION_1                      0x08001ab1   Thumb Code    16  stm32f1xx_hal_rcc.o(.text.OUTLINED_FUNCTION_1)
    [Anonymous Symbol]                       0x08001ab0   Section        0  stm32f1xx_hal_rcc.o(.text.OUTLINED_FUNCTION_1)
    OUTLINED_FUNCTION_1                      0x08001ac1   Thumb Code     6  usbd_ctlreq.o(.text.OUTLINED_FUNCTION_1)
    [Anonymous Symbol]                       0x08001ac0   Section        0  usbd_ctlreq.o(.text.OUTLINED_FUNCTION_1)
    OUTLINED_FUNCTION_1                      0x08001ac7   Thumb Code    10  usbd_msc_bot.o(.text.OUTLINED_FUNCTION_1)
    [Anonymous Symbol]                       0x08001ac6   Section        0  usbd_msc_bot.o(.text.OUTLINED_FUNCTION_1)
    OUTLINED_FUNCTION_1                      0x08001ad1   Thumb Code    20  usbd_msc_scsi.o(.text.OUTLINED_FUNCTION_1)
    [Anonymous Symbol]                       0x08001ad0   Section        0  usbd_msc_scsi.o(.text.OUTLINED_FUNCTION_1)
    OUTLINED_FUNCTION_2                      0x08001ae5   Thumb Code    10  stm32f1xx_hal_pcd.o(.text.OUTLINED_FUNCTION_2)
    [Anonymous Symbol]                       0x08001ae4   Section        0  stm32f1xx_hal_pcd.o(.text.OUTLINED_FUNCTION_2)
    OUTLINED_FUNCTION_2                      0x08001aef   Thumb Code    14  stm32f1xx_ll_usb.o(.text.OUTLINED_FUNCTION_2)
    [Anonymous Symbol]                       0x08001aee   Section        0  stm32f1xx_ll_usb.o(.text.OUTLINED_FUNCTION_2)
    OUTLINED_FUNCTION_2                      0x08001afd   Thumb Code    10  stm32f1xx_hal_rcc.o(.text.OUTLINED_FUNCTION_2)
    [Anonymous Symbol]                       0x08001afc   Section        0  stm32f1xx_hal_rcc.o(.text.OUTLINED_FUNCTION_2)
    OUTLINED_FUNCTION_2                      0x08001b07   Thumb Code     6  usbd_ctlreq.o(.text.OUTLINED_FUNCTION_2)
    [Anonymous Symbol]                       0x08001b06   Section        0  usbd_ctlreq.o(.text.OUTLINED_FUNCTION_2)
    OUTLINED_FUNCTION_2                      0x08001b0d   Thumb Code    12  usbd_msc_scsi.o(.text.OUTLINED_FUNCTION_2)
    [Anonymous Symbol]                       0x08001b0c   Section        0  usbd_msc_scsi.o(.text.OUTLINED_FUNCTION_2)
    OUTLINED_FUNCTION_3                      0x08001b19   Thumb Code    14  stm32f1xx_hal_pcd.o(.text.OUTLINED_FUNCTION_3)
    [Anonymous Symbol]                       0x08001b18   Section        0  stm32f1xx_hal_pcd.o(.text.OUTLINED_FUNCTION_3)
    OUTLINED_FUNCTION_3                      0x08001b27   Thumb Code    10  usbd_ctlreq.o(.text.OUTLINED_FUNCTION_3)
    [Anonymous Symbol]                       0x08001b26   Section        0  usbd_ctlreq.o(.text.OUTLINED_FUNCTION_3)
    OUTLINED_FUNCTION_3                      0x08001b31   Thumb Code     6  usbd_msc_scsi.o(.text.OUTLINED_FUNCTION_3)
    [Anonymous Symbol]                       0x08001b30   Section        0  usbd_msc_scsi.o(.text.OUTLINED_FUNCTION_3)
    OUTLINED_FUNCTION_4                      0x08001b37   Thumb Code    10  stm32f1xx_hal_pcd.o(.text.OUTLINED_FUNCTION_4)
    [Anonymous Symbol]                       0x08001b36   Section        0  stm32f1xx_hal_pcd.o(.text.OUTLINED_FUNCTION_4)
    OUTLINED_FUNCTION_5                      0x08001b41   Thumb Code    16  stm32f1xx_hal_pcd.o(.text.OUTLINED_FUNCTION_5)
    [Anonymous Symbol]                       0x08001b40   Section        0  stm32f1xx_hal_pcd.o(.text.OUTLINED_FUNCTION_5)
    OUTLINED_FUNCTION_6                      0x08001b51   Thumb Code    10  stm32f1xx_hal_pcd.o(.text.OUTLINED_FUNCTION_6)
    [Anonymous Symbol]                       0x08001b50   Section        0  stm32f1xx_hal_pcd.o(.text.OUTLINED_FUNCTION_6)
    [Anonymous Symbol]                       0x08001b5a   Section        0  stm32f1xx_it.o(.text.PendSV_Handler)
    RTC_EnterInitMode                        0x08001b5d   Thumb Code    48  stm32f1xx_hal_rtc.o(.text.RTC_EnterInitMode)
    [Anonymous Symbol]                       0x08001b5c   Section        0  stm32f1xx_hal_rtc.o(.text.RTC_EnterInitMode)
    RTC_ExitInitMode                         0x08001b8d   Thumb Code    50  stm32f1xx_hal_rtc.o(.text.RTC_ExitInitMode)
    [Anonymous Symbol]                       0x08001b8c   Section        0  stm32f1xx_hal_rtc.o(.text.RTC_ExitInitMode)
    SCSI_CheckAddressRange                   0x08001bbf   Thumb Code    38  usbd_msc_scsi.o(.text.SCSI_CheckAddressRange)
    [Anonymous Symbol]                       0x08001bbe   Section        0  usbd_msc_scsi.o(.text.SCSI_CheckAddressRange)
    [Anonymous Symbol]                       0x08001be4   Section        0  usbd_msc_scsi.o(.text.SCSI_ProcessCmd)
    __arm_cp.0_0                             0x08001ff4   Number         4  usbd_msc_scsi.o(.text.SCSI_ProcessCmd)
    __arm_cp.0_1                             0x08001ff8   Number         4  usbd_msc_scsi.o(.text.SCSI_ProcessCmd)
    __arm_cp.0_2                             0x08001ffc   Number         4  usbd_msc_scsi.o(.text.SCSI_ProcessCmd)
    [Anonymous Symbol]                       0x08002000   Section        0  usbd_msc_scsi.o(.text.SCSI_SenseCode)
    STORAGE_GetCapacity_FS                   0x08002029   Thumb Code    14  usbd_storage_if.o(.text.STORAGE_GetCapacity_FS)
    [Anonymous Symbol]                       0x08002028   Section        0  usbd_storage_if.o(.text.STORAGE_GetCapacity_FS)
    STORAGE_GetMaxLun_FS                     0x08002037   Thumb Code     4  usbd_storage_if.o(.text.STORAGE_GetMaxLun_FS)
    [Anonymous Symbol]                       0x08002036   Section        0  usbd_storage_if.o(.text.STORAGE_GetMaxLun_FS)
    STORAGE_Init_FS                          0x0800203b   Thumb Code    10  usbd_storage_if.o(.text.STORAGE_Init_FS)
    [Anonymous Symbol]                       0x0800203a   Section        0  usbd_storage_if.o(.text.STORAGE_Init_FS)
    STORAGE_IsReady_FS                       0x08002045   Thumb Code     4  usbd_storage_if.o(.text.STORAGE_IsReady_FS)
    [Anonymous Symbol]                       0x08002044   Section        0  usbd_storage_if.o(.text.STORAGE_IsReady_FS)
    STORAGE_IsWriteProtected_FS              0x08002049   Thumb Code     4  usbd_storage_if.o(.text.STORAGE_IsWriteProtected_FS)
    [Anonymous Symbol]                       0x08002048   Section        0  usbd_storage_if.o(.text.STORAGE_IsWriteProtected_FS)
    STORAGE_Read_FS                          0x0800204d   Thumb Code    18  usbd_storage_if.o(.text.STORAGE_Read_FS)
    [Anonymous Symbol]                       0x0800204c   Section        0  usbd_storage_if.o(.text.STORAGE_Read_FS)
    STORAGE_Write_FS                         0x0800205f   Thumb Code    18  usbd_storage_if.o(.text.STORAGE_Write_FS)
    [Anonymous Symbol]                       0x0800205e   Section        0  usbd_storage_if.o(.text.STORAGE_Write_FS)
    [Anonymous Symbol]                       0x08002070   Section        0  stm32f1xx_it.o(.text.SVC_Handler)
    [Anonymous Symbol]                       0x08002072   Section        0  stm32f1xx_it.o(.text.SysTick_Handler)
    [Anonymous Symbol]                       0x08002076   Section        0  main.o(.text.SystemClock_Config)
    [Anonymous Symbol]                       0x080020d4   Section        0  system_stm32f1xx.o(.text.SystemInit)
    __arm_cp.0_0                             0x08002110   Number         4  system_stm32f1xx.o(.text.SystemInit)
    __arm_cp.0_1                             0x08002114   Number         4  system_stm32f1xx.o(.text.SystemInit)
    __arm_cp.0_2                             0x08002118   Number         4  system_stm32f1xx.o(.text.SystemInit)
    __arm_cp.0_3                             0x0800211c   Number         4  system_stm32f1xx.o(.text.SystemInit)
    [Anonymous Symbol]                       0x08002120   Section        0  usbd_core.o(.text.USBD_ClrClassConfig)
    [Anonymous Symbol]                       0x0800212e   Section        0  usbd_ioreq.o(.text.USBD_CtlContinueRx)
    [Anonymous Symbol]                       0x0800213e   Section        0  usbd_ioreq.o(.text.USBD_CtlContinueSendData)
    [Anonymous Symbol]                       0x0800214e   Section        0  usbd_ctlreq.o(.text.USBD_CtlError)
    [Anonymous Symbol]                       0x08002164   Section        0  usbd_ioreq.o(.text.USBD_CtlReceiveStatus)
    [Anonymous Symbol]                       0x0800217a   Section        0  usbd_ioreq.o(.text.USBD_CtlSendData)
    [Anonymous Symbol]                       0x08002194   Section        0  usbd_ioreq.o(.text.USBD_CtlSendStatus)
    [Anonymous Symbol]                       0x080021ac   Section        0  usbd_desc.o(.text.USBD_FS_ConfigStrDescriptor)
    [Anonymous Symbol]                       0x080021c8   Section        0  usbd_desc.o(.text.USBD_FS_DeviceDescriptor)
    __arm_cp.0_0                             0x080021d0   Number         4  usbd_desc.o(.text.USBD_FS_DeviceDescriptor)
    [Anonymous Symbol]                       0x080021d4   Section        0  usbd_desc.o(.text.USBD_FS_InterfaceStrDescriptor)
    [Anonymous Symbol]                       0x080021f4   Section        0  usbd_desc.o(.text.USBD_FS_LangIDStrDescriptor)
    __arm_cp.1_0                             0x080021fc   Number         4  usbd_desc.o(.text.USBD_FS_LangIDStrDescriptor)
    [Anonymous Symbol]                       0x08002200   Section        0  usbd_desc.o(.text.USBD_FS_ManufacturerStrDescriptor)
    [Anonymous Symbol]                       0x08002224   Section        0  usbd_desc.o(.text.USBD_FS_ProductStrDescriptor)
    __arm_cp.3_1                             0x08002248   Number         4  usbd_desc.o(.text.USBD_FS_ProductStrDescriptor)
    [Anonymous Symbol]                       0x0800224c   Section        0  usbd_desc.o(.text.USBD_FS_SerialStrDescriptor)
    __arm_cp.4_0                             0x08002278   Number         4  usbd_desc.o(.text.USBD_FS_SerialStrDescriptor)
    __arm_cp.4_1                             0x0800227c   Number         4  usbd_desc.o(.text.USBD_FS_SerialStrDescriptor)
    [Anonymous Symbol]                       0x08002280   Section        0  usbd_ctlreq.o(.text.USBD_GetString)
    USBD_Get_USB_Status                      0x080022c5   Thumb Code    20  usbd_conf.o(.text.USBD_Get_USB_Status)
    [Anonymous Symbol]                       0x080022c4   Section        0  usbd_conf.o(.text.USBD_Get_USB_Status)
    __arm_cp.15_0                            0x080022d8   Number         4  usbd_conf.o(.text.USBD_Get_USB_Status)
    [Anonymous Symbol]                       0x080022dc   Section        0  usbd_core.o(.text.USBD_Init)
    [Anonymous Symbol]                       0x08002306   Section        0  usbd_conf.o(.text.USBD_LL_ClearStallEP)
    [Anonymous Symbol]                       0x08002318   Section        0  usbd_conf.o(.text.USBD_LL_CloseEP)
    [Anonymous Symbol]                       0x0800232a   Section        0  usbd_core.o(.text.USBD_LL_DataInStage)
    [Anonymous Symbol]                       0x080023e8   Section        0  usbd_core.o(.text.USBD_LL_DataOutStage)
    [Anonymous Symbol]                       0x08002466   Section        0  usbd_conf.o(.text.USBD_LL_FlushEP)
    [Anonymous Symbol]                       0x08002478   Section        0  usbd_conf.o(.text.USBD_LL_GetRxDataSize)
    [Anonymous Symbol]                       0x08002480   Section        0  usbd_conf.o(.text.USBD_LL_Init)
    __arm_cp.13_0                            0x080024e4   Number         4  usbd_conf.o(.text.USBD_LL_Init)
    __arm_cp.13_1                            0x080024e8   Number         4  usbd_conf.o(.text.USBD_LL_Init)
    __arm_cp.13_2                            0x080024ec   Number         4  usbd_conf.o(.text.USBD_LL_Init)
    [Anonymous Symbol]                       0x080024f0   Section        0  usbd_conf.o(.text.USBD_LL_IsStallEP)
    [Anonymous Symbol]                       0x0800250e   Section        0  usbd_conf.o(.text.USBD_LL_OpenEP)
    [Anonymous Symbol]                       0x08002526   Section        0  usbd_conf.o(.text.USBD_LL_PrepareReceive)
    [Anonymous Symbol]                       0x08002538   Section        0  usbd_core.o(.text.USBD_LL_Reset)
    [Anonymous Symbol]                       0x08002588   Section        0  usbd_core.o(.text.USBD_LL_Resume)
    [Anonymous Symbol]                       0x0800259c   Section        0  usbd_core.o(.text.USBD_LL_SOF)
    [Anonymous Symbol]                       0x080025b8   Section        0  usbd_core.o(.text.USBD_LL_SetSpeed)
    [Anonymous Symbol]                       0x080025be   Section        0  usbd_conf.o(.text.USBD_LL_SetUSBAddress)
    [Anonymous Symbol]                       0x080025d0   Section        0  usbd_core.o(.text.USBD_LL_SetupStage)
    [Anonymous Symbol]                       0x08002626   Section        0  usbd_conf.o(.text.USBD_LL_StallEP)
    [Anonymous Symbol]                       0x08002638   Section        0  usbd_conf.o(.text.USBD_LL_Start)
    [Anonymous Symbol]                       0x0800264a   Section        0  usbd_core.o(.text.USBD_LL_Suspend)
    [Anonymous Symbol]                       0x0800265c   Section        0  usbd_conf.o(.text.USBD_LL_Transmit)
    [Anonymous Symbol]                       0x0800266e   Section        0  usbd_msc.o(.text.USBD_MSC_DataIn)
    [Anonymous Symbol]                       0x08002678   Section        0  usbd_msc.o(.text.USBD_MSC_DataOut)
    [Anonymous Symbol]                       0x08002682   Section        0  usbd_msc.o(.text.USBD_MSC_DeInit)
    [Anonymous Symbol]                       0x080026b4   Section        0  usbd_msc.o(.text.USBD_MSC_GetDeviceQualifierDescriptor)
    __arm_cp.8_0                             0x080026bc   Number         4  usbd_msc.o(.text.USBD_MSC_GetDeviceQualifierDescriptor)
    [Anonymous Symbol]                       0x080026c0   Section        0  usbd_msc.o(.text.USBD_MSC_GetFSCfgDesc)
    __arm_cp.6_0                             0x080026c8   Number         4  usbd_msc.o(.text.USBD_MSC_GetFSCfgDesc)
    [Anonymous Symbol]                       0x080026cc   Section        0  usbd_msc.o(.text.USBD_MSC_GetHSCfgDesc)
    __arm_cp.5_0                             0x080026d4   Number         4  usbd_msc.o(.text.USBD_MSC_GetHSCfgDesc)
    [Anonymous Symbol]                       0x080026d8   Section        0  usbd_msc.o(.text.USBD_MSC_GetOtherSpeedCfgDesc)
    __arm_cp.7_0                             0x080026e0   Number         4  usbd_msc.o(.text.USBD_MSC_GetOtherSpeedCfgDesc)
    [Anonymous Symbol]                       0x080026e4   Section        0  usbd_msc.o(.text.USBD_MSC_Init)
    [Anonymous Symbol]                       0x08002730   Section        0  usbd_msc.o(.text.USBD_MSC_RegisterStorage)
    [Anonymous Symbol]                       0x0800273a   Section        0  usbd_msc.o(.text.USBD_MSC_Setup)
    [Anonymous Symbol]                       0x0800285c   Section        0  usbd_ctlreq.o(.text.USBD_ParseSetupRequest)
    [Anonymous Symbol]                       0x08002872   Section        0  usbd_core.o(.text.USBD_RegisterClass)
    [Anonymous Symbol]                       0x08002880   Section        0  usbd_core.o(.text.USBD_SetClassConfig)
    [Anonymous Symbol]                       0x0800289a   Section        0  usbd_core.o(.text.USBD_Start)
    [Anonymous Symbol]                       0x080028a4   Section        0  usbd_ctlreq.o(.text.USBD_StdDevReq)
    __arm_cp.0_0                             0x08002af8   Number         4  usbd_ctlreq.o(.text.USBD_StdDevReq)
    [Anonymous Symbol]                       0x08002afc   Section        0  usbd_ctlreq.o(.text.USBD_StdEPReq)
    [Anonymous Symbol]                       0x08002c14   Section        0  usbd_ctlreq.o(.text.USBD_StdItfReq)
    [Anonymous Symbol]                       0x08002c50   Section        0  usbd_conf.o(.text.USBD_static_free)
    [Anonymous Symbol]                       0x08002c54   Section        0  usbd_conf.o(.text.USBD_static_malloc)
    __arm_cp.29_0                            0x08002c58   Number         4  usbd_conf.o(.text.USBD_static_malloc)
    [Anonymous Symbol]                       0x08002c5c   Section        0  stm32f1xx_ll_usb.o(.text.USB_ActivateEndpoint)
    __arm_cp.8_0                             0x08002ea4   Number         4  stm32f1xx_ll_usb.o(.text.USB_ActivateEndpoint)
    [Anonymous Symbol]                       0x08002ea8   Section        0  stm32f1xx_ll_usb.o(.text.USB_CoreInit)
    [Anonymous Symbol]                       0x08002eac   Section        0  stm32f1xx_ll_usb.o(.text.USB_DeactivateEndpoint)
    [Anonymous Symbol]                       0x08002f62   Section        0  stm32f1xx_ll_usb.o(.text.USB_DevConnect)
    [Anonymous Symbol]                       0x08002f66   Section        0  stm32f1xx_ll_usb.o(.text.USB_DevDisconnect)
    [Anonymous Symbol]                       0x08002f6a   Section        0  stm32f1xx_ll_usb.o(.text.USB_DevInit)
    [Anonymous Symbol]                       0x08002f8a   Section        0  stm32f1xx_ll_usb.o(.text.USB_DisableGlobalInt)
    [Anonymous Symbol]                       0x08002f98   Section        0  stm32f1xx_ll_usb.o(.text.USB_EP0_OutStart)
    [Anonymous Symbol]                       0x08002f9c   Section        0  stm32f1xx_ll_usb.o(.text.USB_EPClearStall)
    [Anonymous Symbol]                       0x0800300c   Section        0  stm32f1xx_ll_usb.o(.text.USB_EPSetStall)
    __arm_cp.14_0                            0x08003038   Number         4  stm32f1xx_ll_usb.o(.text.USB_EPSetStall)
    [Anonymous Symbol]                       0x0800303c   Section        0  stm32f1xx_ll_usb.o(.text.USB_EPStartXfer)
    __arm_cp.10_0                            0x080031e8   Number         4  stm32f1xx_ll_usb.o(.text.USB_EPStartXfer)
    __arm_cp.10_1                            0x080031ec   Number         4  stm32f1xx_ll_usb.o(.text.USB_EPStartXfer)
    __arm_cp.10_2                            0x080031f0   Number         4  stm32f1xx_ll_usb.o(.text.USB_EPStartXfer)
    [Anonymous Symbol]                       0x080031f4   Section        0  stm32f1xx_ll_usb.o(.text.USB_EnableGlobalInt)
    [Anonymous Symbol]                       0x08003200   Section        0  stm32f1xx_ll_usb.o(.text.USB_FlushRxFifo)
    [Anonymous Symbol]                       0x08003204   Section        0  stm32f1xx_ll_usb.o(.text.USB_FlushTxFifo)
    [Anonymous Symbol]                       0x08003208   Section        0  stm32f1xx_it.o(.text.USB_LP_CAN1_RX0_IRQHandler)
    __arm_cp.9_0                             0x08003210   Number         4  stm32f1xx_it.o(.text.USB_LP_CAN1_RX0_IRQHandler)
    [Anonymous Symbol]                       0x08003214   Section        0  stm32f1xx_ll_usb.o(.text.USB_ReadInterrupts)
    [Anonymous Symbol]                       0x0800321a   Section        0  stm32f1xx_ll_usb.o(.text.USB_ReadPMA)
    [Anonymous Symbol]                       0x08003244   Section        0  main.o(.text.USB_Reset)
    __arm_cp.0_0                             0x0800329c   Number         4  main.o(.text.USB_Reset)
    __arm_cp.0_1                             0x080032a0   Number         4  main.o(.text.USB_Reset)
    __arm_cp.0_2                             0x080032a4   Number         4  main.o(.text.USB_Reset)
    [Anonymous Symbol]                       0x080032a8   Section        0  stm32f1xx_ll_usb.o(.text.USB_SetCurrentMode)
    [Anonymous Symbol]                       0x080032ac   Section        0  stm32f1xx_ll_usb.o(.text.USB_SetDevAddress)
    [Anonymous Symbol]                       0x080032b8   Section        0  stm32f1xx_ll_usb.o(.text.USB_WritePMA)
    [Anonymous Symbol]                       0x080032d4   Section        0  stm32f1xx_it.o(.text.UsageFault_Handler)
    [Anonymous Symbol]                       0x080032d6   Section        0  flash_access.o(.text.flash_init)
    [Anonymous Symbol]                       0x080032e0   Section        0  flash_access.o(.text.flash_read_multi_blocks)
    [Anonymous Symbol]                       0x08003300   Section        0  flash_access.o(.text.flash_write_multi_blocks)
    __arm_cp.3_0                             0x0800335c   Number         4  flash_access.o(.text.flash_write_multi_blocks)
    [Anonymous Symbol]                       0x08003360   Section        0  flash_access.o(.text.flashx_init)
    __arm_cp.0_0                             0x0800339c   Number         4  flash_access.o(.text.flashx_init)
    __arm_cp.0_1                             0x080033a0   Number         4  flash_access.o(.text.flashx_init)
    [Anonymous Symbol]                       0x080033a4   Section        0  main.o(.text.main)
    i.__scatterload_copy                     0x080033d2   Section       14  handlers.o(i.__scatterload_copy)
    i.__scatterload_null                     0x080033e0   Section        2  handlers.o(i.__scatterload_null)
    i.__scatterload_zeroinit                 0x080033e2   Section       14  handlers.o(i.__scatterload_zeroinit)
    [Anonymous Symbol]                       0x20000000   Section        0  stm32f1xx_hal.o(.data..L_MergedGlobals)
    USBD_SetConfig.cfgidx                    0x20000120   Data           1  usbd_ctlreq.o(.bss.USBD_SetConfig.cfgidx)
    [Anonymous Symbol]                       0x20000120   Section        0  usbd_ctlreq.o(.bss.USBD_SetConfig.cfgidx)
    USBD_static_malloc.mem                   0x20000324   Data        1136  usbd_conf.o(.bss.USBD_static_malloc.mem)
    [Anonymous Symbol]                       0x20000324   Section        0  usbd_conf.o(.bss.USBD_static_malloc.mem)
    STACK                                    0x20000d00   Section     1024  startup_stm32f103xb.o(STACK)

    Global Symbols

    Symbol Name                              Value     Ov Type        Size  Object(Section)

    BuildAttributes$$THM_ISAv4$P$D$K$B$S$PE$A:L22UL41UL21$X:L11$S22US41US21$IEEE1$IW$~IW$USESV6$~STKCKD$USESV7$~SHL$OSPACE$EBA8$MICROLIB$REQ8$PRES8$EABIv2 0x00000000   Number         0  anon$$obj.o ABSOLUTE
    __cpp_initialize__aeabi_                  - Undefined Weak Reference
    __cxa_finalize                            - Undefined Weak Reference
    __decompress                              - Undefined Weak Reference
    _clock_init                               - Undefined Weak Reference
    _microlib_exit                            - Undefined Weak Reference
    __Vectors_Size                           0x000000ec   Number         0  startup_stm32f103xb.o ABSOLUTE
    __Vectors                                0x08000000   Data           4  startup_stm32f103xb.o(RESET)
    __Vectors_End                            0x080000ec   Data           0  startup_stm32f103xb.o(RESET)
    __main                                   0x080000ed   Thumb Code     0  entry.o(.ARM.Collect$$$$00000000)
    _main_stk                                0x080000ed   Thumb Code     0  entry2.o(.ARM.Collect$$$$00000001)
    _main_scatterload                        0x080000f1   Thumb Code     0  entry5.o(.ARM.Collect$$$$00000004)
    __main_after_scatterload                 0x080000f5   Thumb Code     0  entry5.o(.ARM.Collect$$$$00000004)
    _main_clock                              0x080000f5   Thumb Code     0  entry7b.o(.ARM.Collect$$$$00000008)
    _main_cpp_init                           0x080000f5   Thumb Code     0  entry8b.o(.ARM.Collect$$$$0000000A)
    _main_init                               0x080000f5   Thumb Code     0  entry9a.o(.ARM.Collect$$$$0000000B)
    __rt_final_cpp                           0x080000fd   Thumb Code     0  entry10a.o(.ARM.Collect$$$$0000000D)
    __rt_final_exit                          0x080000fd   Thumb Code     0  entry11a.o(.ARM.Collect$$$$0000000F)
    Reset_Handler                            0x08000101   Thumb Code     8  startup_stm32f103xb.o(.text)
    ADC1_2_IRQHandler                        0x0800011b   Thumb Code     0  startup_stm32f103xb.o(.text)
    CAN1_RX1_IRQHandler                      0x0800011b   Thumb Code     0  startup_stm32f103xb.o(.text)
    CAN1_SCE_IRQHandler                      0x0800011b   Thumb Code     0  startup_stm32f103xb.o(.text)
    DMA1_Channel1_IRQHandler                 0x0800011b   Thumb Code     0  startup_stm32f103xb.o(.text)
    DMA1_Channel2_IRQHandler                 0x0800011b   Thumb Code     0  startup_stm32f103xb.o(.text)
    DMA1_Channel3_IRQHandler                 0x0800011b   Thumb Code     0  startup_stm32f103xb.o(.text)
    DMA1_Channel4_IRQHandler                 0x0800011b   Thumb Code     0  startup_stm32f103xb.o(.text)
    DMA1_Channel5_IRQHandler                 0x0800011b   Thumb Code     0  startup_stm32f103xb.o(.text)
    DMA1_Channel6_IRQHandler                 0x0800011b   Thumb Code     0  startup_stm32f103xb.o(.text)
    DMA1_Channel7_IRQHandler                 0x0800011b   Thumb Code     0  startup_stm32f103xb.o(.text)
    EXTI0_IRQHandler                         0x0800011b   Thumb Code     0  startup_stm32f103xb.o(.text)
    EXTI15_10_IRQHandler                     0x0800011b   Thumb Code     0  startup_stm32f103xb.o(.text)
    EXTI1_IRQHandler                         0x0800011b   Thumb Code     0  startup_stm32f103xb.o(.text)
    EXTI2_IRQHandler                         0x0800011b   Thumb Code     0  startup_stm32f103xb.o(.text)
    EXTI3_IRQHandler                         0x0800011b   Thumb Code     0  startup_stm32f103xb.o(.text)
    EXTI4_IRQHandler                         0x0800011b   Thumb Code     0  startup_stm32f103xb.o(.text)
    EXTI9_5_IRQHandler                       0x0800011b   Thumb Code     0  startup_stm32f103xb.o(.text)
    FLASH_IRQHandler                         0x0800011b   Thumb Code     0  startup_stm32f103xb.o(.text)
    I2C1_ER_IRQHandler                       0x0800011b   Thumb Code     0  startup_stm32f103xb.o(.text)
    I2C1_EV_IRQHandler                       0x0800011b   Thumb Code     0  startup_stm32f103xb.o(.text)
    I2C2_ER_IRQHandler                       0x0800011b   Thumb Code     0  startup_stm32f103xb.o(.text)
    I2C2_EV_IRQHandler                       0x0800011b   Thumb Code     0  startup_stm32f103xb.o(.text)
    PVD_IRQHandler                           0x0800011b   Thumb Code     0  startup_stm32f103xb.o(.text)
    RCC_IRQHandler                           0x0800011b   Thumb Code     0  startup_stm32f103xb.o(.text)
    RTC_Alarm_IRQHandler                     0x0800011b   Thumb Code     0  startup_stm32f103xb.o(.text)
    RTC_IRQHandler                           0x0800011b   Thumb Code     0  startup_stm32f103xb.o(.text)
    SPI1_IRQHandler                          0x0800011b   Thumb Code     0  startup_stm32f103xb.o(.text)
    SPI2_IRQHandler                          0x0800011b   Thumb Code     0  startup_stm32f103xb.o(.text)
    TAMPER_IRQHandler                        0x0800011b   Thumb Code     0  startup_stm32f103xb.o(.text)
    TIM1_BRK_IRQHandler                      0x0800011b   Thumb Code     0  startup_stm32f103xb.o(.text)
    TIM1_CC_IRQHandler                       0x0800011b   Thumb Code     0  startup_stm32f103xb.o(.text)
    TIM1_TRG_COM_IRQHandler                  0x0800011b   Thumb Code     0  startup_stm32f103xb.o(.text)
    TIM1_UP_IRQHandler                       0x0800011b   Thumb Code     0  startup_stm32f103xb.o(.text)
    TIM2_IRQHandler                          0x0800011b   Thumb Code     0  startup_stm32f103xb.o(.text)
    TIM3_IRQHandler                          0x0800011b   Thumb Code     0  startup_stm32f103xb.o(.text)
    TIM4_IRQHandler                          0x0800011b   Thumb Code     0  startup_stm32f103xb.o(.text)
    USART1_IRQHandler                        0x0800011b   Thumb Code     0  startup_stm32f103xb.o(.text)
    USART2_IRQHandler                        0x0800011b   Thumb Code     0  startup_stm32f103xb.o(.text)
    USART3_IRQHandler                        0x0800011b   Thumb Code     0  startup_stm32f103xb.o(.text)
    USBWakeUp_IRQHandler                     0x0800011b   Thumb Code     0  startup_stm32f103xb.o(.text)
    USB_HP_CAN1_TX_IRQHandler                0x0800011b   Thumb Code     0  startup_stm32f103xb.o(.text)
    WWDG_IRQHandler                          0x0800011b   Thumb Code     0  startup_stm32f103xb.o(.text)
    __aeabi_llsr                             0x08000125   Thumb Code    32  llushr.o(.text)
    _ll_ushift_r                             0x08000125   Thumb Code     0  llushr.o(.text)
    __scatterload                            0x08000145   Thumb Code    38  init.o(.text)
    __scatterload_rt2                        0x08000145   Thumb Code     0  init.o(.text)
    BusFault_Handler                         0x08000175   Thumb Code     2  stm32f1xx_it.o(.text.BusFault_Handler)
    DebugMon_Handler                         0x08000177   Thumb Code     2  stm32f1xx_it.o(.text.DebugMon_Handler)
    Error_Handler                            0x08000179   Thumb Code     2  main.o(.text.Error_Handler)
    FLASH_PageErase                          0x0800017d   Thumb Code    28  stm32f1xx_hal_flash_ex.o(.text.FLASH_PageErase)
    FLASH_WaitForLastOperation               0x080001e1   Thumb Code    80  stm32f1xx_hal_flash.o(.text.FLASH_WaitForLastOperation)
    HAL_Delay                                0x08000235   Thumb Code    32  stm32f1xx_hal.o(.text.HAL_Delay)
    HAL_FLASHEx_Erase                        0x08000259   Thumb Code   156  stm32f1xx_hal_flash_ex.o(.text.HAL_FLASHEx_Erase)
    HAL_FLASH_Lock                           0x080002f5   Thumb Code    16  stm32f1xx_hal_flash.o(.text.HAL_FLASH_Lock)
    HAL_FLASH_Program                        0x08000305   Thumb Code   136  stm32f1xx_hal_flash.o(.text.HAL_FLASH_Program)
    HAL_FLASH_Unlock                         0x08000395   Thumb Code    28  stm32f1xx_hal_flash.o(.text.HAL_FLASH_Unlock)
    HAL_GPIO_DeInit                          0x080003bd   Thumb Code   212  stm32f1xx_hal_gpio.o(.text.HAL_GPIO_DeInit)
    HAL_GPIO_Init                            0x08000491   Thumb Code   380  stm32f1xx_hal_gpio.o(.text.HAL_GPIO_Init)
    HAL_GPIO_ReadPin                         0x0800063d   Thumb Code    10  stm32f1xx_hal_gpio.o(.text.HAL_GPIO_ReadPin)
    HAL_GPIO_WritePin                        0x08000647   Thumb Code    10  stm32f1xx_hal_gpio.o(.text.HAL_GPIO_WritePin)
    HAL_GetTick                              0x08000651   Thumb Code     8  stm32f1xx_hal.o(.text.HAL_GetTick)
    HAL_IncTick                              0x08000659   Thumb Code    16  stm32f1xx_hal.o(.text.HAL_IncTick)
    HAL_Init                                 0x0800066d   Thumb Code    32  stm32f1xx_hal.o(.text.HAL_Init)
    HAL_InitTick                             0x08000691   Thumb Code    56  stm32f1xx_hal.o(.text.HAL_InitTick)
    HAL_MspInit                              0x080006d1   Thumb Code    56  stm32f1xx_hal_msp.o(.text.HAL_MspInit)
    HAL_NVIC_EnableIRQ                       0x08000711   Thumb Code    20  stm32f1xx_hal_cortex.o(.text.HAL_NVIC_EnableIRQ)
    HAL_NVIC_SetPriority                     0x08000729   Thumb Code    72  stm32f1xx_hal_cortex.o(.text.HAL_NVIC_SetPriority)
    HAL_NVIC_SetPriorityGrouping             0x08000775   Thumb Code    24  stm32f1xx_hal_cortex.o(.text.HAL_NVIC_SetPriorityGrouping)
    HAL_PCDEx_PMAConfig                      0x08000795   Thumb Code    42  stm32f1xx_hal_pcd_ex.o(.text.HAL_PCDEx_PMAConfig)
    HAL_PCDEx_SetConnectionState             0x080007bf   Thumb Code     2  usbd_conf.o(.text.HAL_PCDEx_SetConnectionState)
    HAL_PCD_DataInStageCallback              0x080007c1   Thumb Code    14  usbd_conf.o(.text.HAL_PCD_DataInStageCallback)
    HAL_PCD_DataOutStageCallback             0x080007cf   Thumb Code    16  usbd_conf.o(.text.HAL_PCD_DataOutStageCallback)
    HAL_PCD_EP_Close                         0x080007df   Thumb Code    56  stm32f1xx_hal_pcd.o(.text.HAL_PCD_EP_Close)
    HAL_PCD_EP_ClrStall                      0x08000817   Thumb Code    78  stm32f1xx_hal_pcd.o(.text.HAL_PCD_EP_ClrStall)
    HAL_PCD_EP_Flush                         0x08000865   Thumb Code    46  stm32f1xx_hal_pcd.o(.text.HAL_PCD_EP_Flush)
    HAL_PCD_EP_GetRxCount                    0x08000893   Thumb Code    14  stm32f1xx_hal_pcd.o(.text.HAL_PCD_EP_GetRxCount)
    HAL_PCD_EP_Open                          0x080008a1   Thumb Code    78  stm32f1xx_hal_pcd.o(.text.HAL_PCD_EP_Open)
    HAL_PCD_EP_Receive                       0x080008ef   Thumb Code    40  stm32f1xx_hal_pcd.o(.text.HAL_PCD_EP_Receive)
    HAL_PCD_EP_SetStall                      0x08000917   Thumb Code   104  stm32f1xx_hal_pcd.o(.text.HAL_PCD_EP_SetStall)
    HAL_PCD_EP_Transmit                      0x0800097f   Thumb Code    38  stm32f1xx_hal_pcd.o(.text.HAL_PCD_EP_Transmit)
    HAL_PCD_IRQHandler                       0x080009a5   Thumb Code   952  stm32f1xx_hal_pcd.o(.text.HAL_PCD_IRQHandler)
    HAL_PCD_Init                             0x08000d61   Thumb Code   196  stm32f1xx_hal_pcd.o(.text.HAL_PCD_Init)
    HAL_PCD_MspInit                          0x08000e25   Thumb Code    52  usbd_conf.o(.text.HAL_PCD_MspInit)
    HAL_PCD_ResetCallback                    0x08000e61   Thumb Code    36  usbd_conf.o(.text.HAL_PCD_ResetCallback)
    HAL_PCD_ResumeCallback                   0x08000e85   Thumb Code     8  usbd_conf.o(.text.HAL_PCD_ResumeCallback)
    HAL_PCD_SOFCallback                      0x08000e8d   Thumb Code     8  usbd_conf.o(.text.HAL_PCD_SOFCallback)
    HAL_PCD_SetAddress                       0x08000e95   Thumb Code    28  stm32f1xx_hal_pcd.o(.text.HAL_PCD_SetAddress)
    HAL_PCD_SetupStageCallback               0x08000eb1   Thumb Code    14  usbd_conf.o(.text.HAL_PCD_SetupStageCallback)
    HAL_PCD_Start                            0x08000ebf   Thumb Code    32  stm32f1xx_hal_pcd.o(.text.HAL_PCD_Start)
    HAL_PCD_SuspendCallback                  0x08000ee1   Thumb Code    28  usbd_conf.o(.text.HAL_PCD_SuspendCallback)
    HAL_PWR_EnableBkUpAccess                 0x08000f01   Thumb Code     8  stm32f1xx_hal_pwr.o(.text.HAL_PWR_EnableBkUpAccess)
    HAL_RCCEx_GetPeriphCLKFreq               0x08000f0d   Thumb Code   168  stm32f1xx_hal_rcc_ex.o(.text.HAL_RCCEx_GetPeriphCLKFreq)
    HAL_RCCEx_PeriphCLKConfig                0x08000fcd   Thumb Code   220  stm32f1xx_hal_rcc_ex.o(.text.HAL_RCCEx_PeriphCLKConfig)
    HAL_RCC_ClockConfig                      0x080010b1   Thumb Code   308  stm32f1xx_hal_rcc.o(.text.HAL_RCC_ClockConfig)
    HAL_RCC_GetPCLK2Freq                     0x080011f1   Thumb Code    20  stm32f1xx_hal_rcc.o(.text.HAL_RCC_GetPCLK2Freq)
    HAL_RCC_GetSysClockFreq                  0x08001209   Thumb Code    52  stm32f1xx_hal_rcc.o(.text.HAL_RCC_GetSysClockFreq)
    HAL_RCC_OscConfig                        0x0800125d   Thumb Code   752  stm32f1xx_hal_rcc.o(.text.HAL_RCC_OscConfig)
    HAL_RTC_Init                             0x0800155d   Thumb Code   156  stm32f1xx_hal_rtc.o(.text.HAL_RTC_Init)
    HAL_RTC_MspInit                          0x080015fd   Thumb Code    48  rtc.o(.text.HAL_RTC_MspInit)
    HAL_RTC_WaitForSynchro                   0x08001635   Thumb Code    54  stm32f1xx_hal_rtc.o(.text.HAL_RTC_WaitForSynchro)
    HAL_SYSTICK_Config                       0x0800166d   Thumb Code    32  stm32f1xx_hal_cortex.o(.text.HAL_SYSTICK_Config)
    HardFault_Handler                        0x08001695   Thumb Code     2  stm32f1xx_it.o(.text.HardFault_Handler)
    LED_Blink                                0x080016c1   Thumb Code    64  main.o(.text.LED_Blink)
    MSC_BOT_CplClrFeature                    0x08001743   Thumb Code    48  usbd_msc_bot.o(.text.MSC_BOT_CplClrFeature)
    MSC_BOT_DataIn                           0x08001773   Thumb Code    58  usbd_msc_bot.o(.text.MSC_BOT_DataIn)
    MSC_BOT_DataOut                          0x080017ad   Thumb Code   212  usbd_msc_bot.o(.text.MSC_BOT_DataOut)
    MSC_BOT_DeInit                           0x08001885   Thumb Code    10  usbd_msc_bot.o(.text.MSC_BOT_DeInit)
    MSC_BOT_Init                             0x0800188f   Thumb Code    50  usbd_msc_bot.o(.text.MSC_BOT_Init)
    MSC_BOT_Reset                            0x080018c1   Thumb Code    22  usbd_msc_bot.o(.text.MSC_BOT_Reset)
    MSC_BOT_SendCSW                          0x080018d9   Thumb Code    48  usbd_msc_bot.o(.text.MSC_BOT_SendCSW)
    MX_GPIO_Init                             0x0800190d   Thumb Code   148  gpio.o(.text.MX_GPIO_Init)
    MX_RTC_Init                              0x080019a9   Thumb Code    36  rtc.o(.text.MX_RTC_Init)
    MX_USB_DEVICE_Init                       0x080019d5   Thumb Code    64  usb_device.o(.text.MX_USB_DEVICE_Init)
    MemManage_Handler                        0x08001a25   Thumb Code     2  stm32f1xx_it.o(.text.MemManage_Handler)
    NMI_Handler                              0x08001a27   Thumb Code     2  stm32f1xx_it.o(.text.NMI_Handler)
    PendSV_Handler                           0x08001b5b   Thumb Code     2  stm32f1xx_it.o(.text.PendSV_Handler)
    SCSI_ProcessCmd                          0x08001be5   Thumb Code  1040  usbd_msc_scsi.o(.text.SCSI_ProcessCmd)
    SCSI_SenseCode                           0x08002001   Thumb Code    40  usbd_msc_scsi.o(.text.SCSI_SenseCode)
    SVC_Handler                              0x08002071   Thumb Code     2  stm32f1xx_it.o(.text.SVC_Handler)
    SysTick_Handler                          0x08002073   Thumb Code     4  stm32f1xx_it.o(.text.SysTick_Handler)
    SystemClock_Config                       0x08002077   Thumb Code    94  main.o(.text.SystemClock_Config)
    SystemInit                               0x080020d5   Thumb Code    60  system_stm32f1xx.o(.text.SystemInit)
    USBD_ClrClassConfig                      0x08002121   Thumb Code    14  usbd_core.o(.text.USBD_ClrClassConfig)
    USBD_CtlContinueRx                       0x0800212f   Thumb Code    16  usbd_ioreq.o(.text.USBD_CtlContinueRx)
    USBD_CtlContinueSendData                 0x0800213f   Thumb Code    16  usbd_ioreq.o(.text.USBD_CtlContinueSendData)
    USBD_CtlError                            0x0800214f   Thumb Code    22  usbd_ctlreq.o(.text.USBD_CtlError)
    USBD_CtlReceiveStatus                    0x08002165   Thumb Code    22  usbd_ioreq.o(.text.USBD_CtlReceiveStatus)
    USBD_CtlSendData                         0x0800217b   Thumb Code    26  usbd_ioreq.o(.text.USBD_CtlSendData)
    USBD_CtlSendStatus                       0x08002195   Thumb Code    22  usbd_ioreq.o(.text.USBD_CtlSendStatus)
    USBD_FS_ConfigStrDescriptor              0x080021ad   Thumb Code    16  usbd_desc.o(.text.USBD_FS_ConfigStrDescriptor)
    USBD_FS_DeviceDescriptor                 0x080021c9   Thumb Code     8  usbd_desc.o(.text.USBD_FS_DeviceDescriptor)
    USBD_FS_InterfaceStrDescriptor           0x080021d5   Thumb Code    16  usbd_desc.o(.text.USBD_FS_InterfaceStrDescriptor)
    USBD_FS_LangIDStrDescriptor              0x080021f5   Thumb Code     8  usbd_desc.o(.text.USBD_FS_LangIDStrDescriptor)
    USBD_FS_ManufacturerStrDescriptor        0x08002201   Thumb Code    16  usbd_desc.o(.text.USBD_FS_ManufacturerStrDescriptor)
    USBD_FS_ProductStrDescriptor             0x08002225   Thumb Code    16  usbd_desc.o(.text.USBD_FS_ProductStrDescriptor)
    USBD_FS_SerialStrDescriptor              0x0800224d   Thumb Code    44  usbd_desc.o(.text.USBD_FS_SerialStrDescriptor)
    USBD_GetString                           0x08002281   Thumb Code    66  usbd_ctlreq.o(.text.USBD_GetString)
    USBD_Init                                0x080022dd   Thumb Code    42  usbd_core.o(.text.USBD_Init)
    USBD_LL_ClearStallEP                     0x08002307   Thumb Code    18  usbd_conf.o(.text.USBD_LL_ClearStallEP)
    USBD_LL_CloseEP                          0x08002319   Thumb Code    18  usbd_conf.o(.text.USBD_LL_CloseEP)
    USBD_LL_DataInStage                      0x0800232b   Thumb Code   190  usbd_core.o(.text.USBD_LL_DataInStage)
    USBD_LL_DataOutStage                     0x080023e9   Thumb Code   126  usbd_core.o(.text.USBD_LL_DataOutStage)
    USBD_LL_FlushEP                          0x08002467   Thumb Code    18  usbd_conf.o(.text.USBD_LL_FlushEP)
    USBD_LL_GetRxDataSize                    0x08002479   Thumb Code     8  usbd_conf.o(.text.USBD_LL_GetRxDataSize)
    USBD_LL_Init                             0x08002481   Thumb Code   100  usbd_conf.o(.text.USBD_LL_Init)
    USBD_LL_IsStallEP                        0x080024f1   Thumb Code    30  usbd_conf.o(.text.USBD_LL_IsStallEP)
    USBD_LL_OpenEP                           0x0800250f   Thumb Code    24  usbd_conf.o(.text.USBD_LL_OpenEP)
    USBD_LL_PrepareReceive                   0x08002527   Thumb Code    18  usbd_conf.o(.text.USBD_LL_PrepareReceive)
    USBD_LL_Reset                            0x08002539   Thumb Code    80  usbd_core.o(.text.USBD_LL_Reset)
    USBD_LL_Resume                           0x08002589   Thumb Code    20  usbd_core.o(.text.USBD_LL_Resume)
    USBD_LL_SOF                              0x0800259d   Thumb Code    28  usbd_core.o(.text.USBD_LL_SOF)
    USBD_LL_SetSpeed                         0x080025b9   Thumb Code     6  usbd_core.o(.text.USBD_LL_SetSpeed)
    USBD_LL_SetUSBAddress                    0x080025bf   Thumb Code    18  usbd_conf.o(.text.USBD_LL_SetUSBAddress)
    USBD_LL_SetupStage                       0x080025d1   Thumb Code    86  usbd_core.o(.text.USBD_LL_SetupStage)
    USBD_LL_StallEP                          0x08002627   Thumb Code    18  usbd_conf.o(.text.USBD_LL_StallEP)
    USBD_LL_Start                            0x08002639   Thumb Code    18  usbd_conf.o(.text.USBD_LL_Start)
    USBD_LL_Suspend                          0x0800264b   Thumb Code    18  usbd_core.o(.text.USBD_LL_Suspend)
    USBD_LL_Transmit                         0x0800265d   Thumb Code    18  usbd_conf.o(.text.USBD_LL_Transmit)
    USBD_MSC_DataIn                          0x0800266f   Thumb Code    10  usbd_msc.o(.text.USBD_MSC_DataIn)
    USBD_MSC_DataOut                         0x08002679   Thumb Code    10  usbd_msc.o(.text.USBD_MSC_DataOut)
    USBD_MSC_DeInit                          0x08002683   Thumb Code    50  usbd_msc.o(.text.USBD_MSC_DeInit)
    USBD_MSC_GetDeviceQualifierDescriptor    0x080026b5   Thumb Code     8  usbd_msc.o(.text.USBD_MSC_GetDeviceQualifierDescriptor)
    USBD_MSC_GetFSCfgDesc                    0x080026c1   Thumb Code     8  usbd_msc.o(.text.USBD_MSC_GetFSCfgDesc)
    USBD_MSC_GetHSCfgDesc                    0x080026cd   Thumb Code     8  usbd_msc.o(.text.USBD_MSC_GetHSCfgDesc)
    USBD_MSC_GetOtherSpeedCfgDesc            0x080026d9   Thumb Code     8  usbd_msc.o(.text.USBD_MSC_GetOtherSpeedCfgDesc)
    USBD_MSC_Init                            0x080026e5   Thumb Code    76  usbd_msc.o(.text.USBD_MSC_Init)
    USBD_MSC_RegisterStorage                 0x08002731   Thumb Code    10  usbd_msc.o(.text.USBD_MSC_RegisterStorage)
    USBD_MSC_Setup                           0x0800273b   Thumb Code   290  usbd_msc.o(.text.USBD_MSC_Setup)
    USBD_ParseSetupRequest                   0x0800285d   Thumb Code    22  usbd_ctlreq.o(.text.USBD_ParseSetupRequest)
    USBD_RegisterClass                       0x08002873   Thumb Code    14  usbd_core.o(.text.USBD_RegisterClass)
    USBD_SetClassConfig                      0x08002881   Thumb Code    26  usbd_core.o(.text.USBD_SetClassConfig)
    USBD_Start                               0x0800289b   Thumb Code    10  usbd_core.o(.text.USBD_Start)
    USBD_StdDevReq                           0x080028a5   Thumb Code   596  usbd_ctlreq.o(.text.USBD_StdDevReq)
    USBD_StdEPReq                            0x08002afd   Thumb Code   280  usbd_ctlreq.o(.text.USBD_StdEPReq)
    USBD_StdItfReq                           0x08002c15   Thumb Code    60  usbd_ctlreq.o(.text.USBD_StdItfReq)
    USBD_static_free                         0x08002c51   Thumb Code     2  usbd_conf.o(.text.USBD_static_free)
    USBD_static_malloc                       0x08002c55   Thumb Code     4  usbd_conf.o(.text.USBD_static_malloc)
    USB_ActivateEndpoint                     0x08002c5d   Thumb Code   584  stm32f1xx_ll_usb.o(.text.USB_ActivateEndpoint)
    USB_CoreInit                             0x08002ea9   Thumb Code     4  stm32f1xx_ll_usb.o(.text.USB_CoreInit)
    USB_DeactivateEndpoint                   0x08002ead   Thumb Code   182  stm32f1xx_ll_usb.o(.text.USB_DeactivateEndpoint)
    USB_DevConnect                           0x08002f63   Thumb Code     4  stm32f1xx_ll_usb.o(.text.USB_DevConnect)
    USB_DevDisconnect                        0x08002f67   Thumb Code     4  stm32f1xx_ll_usb.o(.text.USB_DevDisconnect)
    USB_DevInit                              0x08002f6b   Thumb Code    32  stm32f1xx_ll_usb.o(.text.USB_DevInit)
    USB_DisableGlobalInt                     0x08002f8b   Thumb Code    14  stm32f1xx_ll_usb.o(.text.USB_DisableGlobalInt)
    USB_EP0_OutStart                         0x08002f99   Thumb Code     4  stm32f1xx_ll_usb.o(.text.USB_EP0_OutStart)
    USB_EPClearStall                         0x08002f9d   Thumb Code   110  stm32f1xx_ll_usb.o(.text.USB_EPClearStall)
    USB_EPSetStall                           0x0800300d   Thumb Code    44  stm32f1xx_ll_usb.o(.text.USB_EPSetStall)
    USB_EPStartXfer                          0x0800303d   Thumb Code   428  stm32f1xx_ll_usb.o(.text.USB_EPStartXfer)
    USB_EnableGlobalInt                      0x080031f5   Thumb Code    12  stm32f1xx_ll_usb.o(.text.USB_EnableGlobalInt)
    USB_FlushRxFifo                          0x08003201   Thumb Code     4  stm32f1xx_ll_usb.o(.text.USB_FlushRxFifo)
    USB_FlushTxFifo                          0x08003205   Thumb Code     4  stm32f1xx_ll_usb.o(.text.USB_FlushTxFifo)
    USB_LP_CAN1_RX0_IRQHandler               0x08003209   Thumb Code     8  stm32f1xx_it.o(.text.USB_LP_CAN1_RX0_IRQHandler)
    USB_ReadInterrupts                       0x08003215   Thumb Code     6  stm32f1xx_ll_usb.o(.text.USB_ReadInterrupts)
    USB_ReadPMA                              0x0800321b   Thumb Code    42  stm32f1xx_ll_usb.o(.text.USB_ReadPMA)
    USB_Reset                                0x08003245   Thumb Code    88  main.o(.text.USB_Reset)
    USB_SetCurrentMode                       0x080032a9   Thumb Code     4  stm32f1xx_ll_usb.o(.text.USB_SetCurrentMode)
    USB_SetDevAddress                        0x080032ad   Thumb Code    12  stm32f1xx_ll_usb.o(.text.USB_SetDevAddress)
    USB_WritePMA                             0x080032b9   Thumb Code    28  stm32f1xx_ll_usb.o(.text.USB_WritePMA)
    UsageFault_Handler                       0x080032d5   Thumb Code     2  stm32f1xx_it.o(.text.UsageFault_Handler)
    flash_init                               0x080032d7   Thumb Code    10  flash_access.o(.text.flash_init)
    flash_read_multi_blocks                  0x080032e1   Thumb Code    32  flash_access.o(.text.flash_read_multi_blocks)
    flash_write_multi_blocks                 0x08003301   Thumb Code    92  flash_access.o(.text.flash_write_multi_blocks)
    flashx_init                              0x08003361   Thumb Code    60  flash_access.o(.text.flashx_init)
    main                                     0x080033a5   Thumb Code    46  main.o(.text.main)
    __scatterload_copy                       0x080033d3   Thumb Code    14  handlers.o(i.__scatterload_copy)
    __scatterload_null                       0x080033e1   Thumb Code     2  handlers.o(i.__scatterload_null)
    __scatterload_zeroinit                   0x080033e3   Thumb Code    14  handlers.o(i.__scatterload_zeroinit)
    AHBPrescTable                            0x080033f0   Data          16  system_stm32f1xx.o(.rodata.AHBPrescTable)
    APBPrescTable                            0x08003400   Data           8  system_stm32f1xx.o(.rodata.APBPrescTable)
    MSC_Mode_Sense10_data                    0x08003408   Data           8  usbd_msc_data.o(.rodata.MSC_Mode_Sense10_data)
    MSC_Mode_Sense6_data                     0x08003410   Data           8  usbd_msc_data.o(.rodata.MSC_Mode_Sense6_data)
    MSC_Page00_Inquiry_Data                  0x08003418   Data           7  usbd_msc_data.o(.rodata.MSC_Page00_Inquiry_Data)
    STORAGE_Inquirydata_FS                   0x0800341f   Data          36  usbd_storage_if.o(.rodata.STORAGE_Inquirydata_FS)
    Region$$Table$$Base                      0x08003444   Number         0  anon$$obj.o(Region$$Table)
    Region$$Table$$Limit                     0x08003464   Number         0  anon$$obj.o(Region$$Table)
    uwTickFreq                               0x20000000   Data           1  stm32f1xx_hal.o(.data..L_MergedGlobals)
    uwTickPrio                               0x20000004   Data           4  stm32f1xx_hal.o(.data..L_MergedGlobals)
    FS_Desc                                  0x20000008   Data          28  usbd_desc.o(.data.FS_Desc)
    SystemCoreClock                          0x20000024   Data           4  system_stm32f1xx.o(.data.SystemCoreClock)
    USBD_FS_DeviceDesc                       0x20000028   Data          18  usbd_desc.o(.data.USBD_FS_DeviceDesc)
    USBD_LangIDDesc                          0x2000003c   Data           4  usbd_desc.o(.data.USBD_LangIDDesc)
    USBD_MSC                                 0x20000040   Data          56  usbd_msc.o(.data.USBD_MSC)
    USBD_MSC_CfgFSDesc                       0x20000078   Data          32  usbd_msc.o(.data.USBD_MSC_CfgFSDesc)
    USBD_MSC_CfgHSDesc                       0x20000098   Data          32  usbd_msc.o(.data.USBD_MSC_CfgHSDesc)
    USBD_MSC_DeviceQualifierDesc             0x200000b8   Data          10  usbd_msc.o(.data.USBD_MSC_DeviceQualifierDesc)
    USBD_MSC_OtherSpeedCfgDesc               0x200000c4   Data          32  usbd_msc.o(.data.USBD_MSC_OtherSpeedCfgDesc)
    USBD_Storage_Interface_fops_FS           0x200000e4   Data          32  usbd_storage_if.o(.data.USBD_Storage_Interface_fops_FS)
    USBD_StringSerial                        0x20000104   Data          26  usbd_desc.o(.data.USBD_StringSerial)
    USBD_StrDesc                             0x20000124   Data         512  usbd_desc.o(.bss.USBD_StrDesc)
    hUsbDeviceFS                             0x20000794   Data         708  usb_device.o(.bss.hUsbDeviceFS)
    hpcd_USB_FS                              0x20000a58   Data         620  usbd_conf.o(.bss.hpcd_USB_FS)
    hrtc                                     0x20000cc4   Data          20  rtc.o(.bss.hrtc)
    pFlash                                   0x20000cd8   Data          32  stm32f1xx_hal_flash.o(.bss.pFlash)
    uwTick                                   0x20000cf8   Data           4  stm32f1xx_hal.o(.bss.uwTick)
    __initial_sp                             0x20001100   Data           0  startup_stm32f103xb.o(STACK)



==============================================================================

Memory Map of the image

  Image Entry point : 0x080000ed

  Load Region LR_IROM1 (Base: 0x08000000, Size: 0x00003588, Max: 0x00010000, ABSOLUTE)

    Execution Region ER_IROM1 (Exec base: 0x08000000, Load base: 0x08000000, Size: 0x00003464, Max: 0x00010000, ABSOLUTE)

    Exec Addr    Load Addr    Size         Type   Attr      Idx    E Section Name        Object

    0x08000000   0x08000000   0x000000ec   Data   RO           99    RESET               startup_stm32f103xb.o
    0x080000ec   0x080000ec   0x00000000   Code   RO         1102  * .ARM.Collect$$$$00000000  mc_w.l(entry.o)
    0x080000ec   0x080000ec   0x00000004   Code   RO         1107    .ARM.Collect$$$$00000001  mc_w.l(entry2.o)
    0x080000f0   0x080000f0   0x00000004   Code   RO         1110    .ARM.Collect$$$$00000004  mc_w.l(entry5.o)
    0x080000f4   0x080000f4   0x00000000   Code   RO         1112    .ARM.Collect$$$$00000008  mc_w.l(entry7b.o)
    0x080000f4   0x080000f4   0x00000000   Code   RO         1114    .ARM.Collect$$$$0000000A  mc_w.l(entry8b.o)
    0x080000f4   0x080000f4   0x00000008   Code   RO         1115    .ARM.Collect$$$$0000000B  mc_w.l(entry9a.o)
    0x080000fc   0x080000fc   0x00000000   Code   RO         1117    .ARM.Collect$$$$0000000D  mc_w.l(entry10a.o)
    0x080000fc   0x080000fc   0x00000000   Code   RO         1119    .ARM.Collect$$$$0000000F  mc_w.l(entry11a.o)
    0x080000fc   0x080000fc   0x00000004   Code   RO         1108    .ARM.Collect$$$$00002712  mc_w.l(entry2.o)
    0x08000100   0x08000100   0x00000024   Code   RO          100    .text               startup_stm32f103xb.o
    0x08000124   0x08000124   0x00000020   Code   RO         1105    .text               mc_w.l(llushr.o)
    0x08000144   0x08000144   0x00000030   Code   RO         1121    .text               mc_w.l(init.o)
    0x08000174   0x08000174   0x00000002   Code   RO           68    .text.BusFault_Handler  stm32f1xx_it.o
    0x08000176   0x08000176   0x00000002   Code   RO           74    .text.DebugMon_Handler  stm32f1xx_it.o
    0x08000178   0x08000178   0x00000002   Code   RO           26    .text.Error_Handler  main.o
    0x0800017a   0x0800017a   0x00000002   PAD
    0x0800017c   0x0800017c   0x0000001c   Code   RO          740    .text.FLASH_PageErase  stm32f1xx_hal_flash_ex.o
    0x08000198   0x08000198   0x00000048   Code   RO          711    .text.FLASH_SetErrorCode  stm32f1xx_hal_flash.o
    0x080001e0   0x080001e0   0x00000054   Code   RO          705    .text.FLASH_WaitForLastOperation  stm32f1xx_hal_flash.o
    0x08000234   0x08000234   0x00000024   Code   RO          455    .text.HAL_Delay     stm32f1xx_hal.o
    0x08000258   0x08000258   0x0000009c   Code   RO          738    .text.HAL_FLASHEx_Erase  stm32f1xx_hal_flash_ex.o
    0x080002f4   0x080002f4   0x00000010   Code   RO          719    .text.HAL_FLASH_Lock  stm32f1xx_hal_flash.o
    0x08000304   0x08000304   0x00000090   Code   RO          703    .text.HAL_FLASH_Program  stm32f1xx_hal_flash.o
    0x08000394   0x08000394   0x00000028   Code   RO          717    .text.HAL_FLASH_Unlock  stm32f1xx_hal_flash.o
    0x080003bc   0x080003bc   0x000000d4   Code   RO          557    .text.HAL_GPIO_DeInit  stm32f1xx_hal_gpio.o
    0x08000490   0x08000490   0x000001ac   Code   RO          555    .text.HAL_GPIO_Init  stm32f1xx_hal_gpio.o
    0x0800063c   0x0800063c   0x0000000a   Code   RO          559    .text.HAL_GPIO_ReadPin  stm32f1xx_hal_gpio.o
    0x08000646   0x08000646   0x0000000a   Code   RO          561    .text.HAL_GPIO_WritePin  stm32f1xx_hal_gpio.o
    0x08000650   0x08000650   0x00000008   Code   RO          447    .text.HAL_GetTick   stm32f1xx_hal.o
    0x08000658   0x08000658   0x00000014   Code   RO          445    .text.HAL_IncTick   stm32f1xx_hal.o
    0x0800066c   0x0800066c   0x00000024   Code   RO          435    .text.HAL_Init      stm32f1xx_hal.o
    0x08000690   0x08000690   0x00000040   Code   RO          437    .text.HAL_InitTick  stm32f1xx_hal.o
    0x080006d0   0x080006d0   0x00000040   Code   RO           89    .text.HAL_MspInit   stm32f1xx_hal_msp.o
    0x08000710   0x08000710   0x00000018   Code   RO          617    .text.HAL_NVIC_EnableIRQ  stm32f1xx_hal_cortex.o
    0x08000728   0x08000728   0x0000004c   Code   RO          615    .text.HAL_NVIC_SetPriority  stm32f1xx_hal_cortex.o
    0x08000774   0x08000774   0x00000020   Code   RO          613    .text.HAL_NVIC_SetPriorityGrouping  stm32f1xx_hal_cortex.o
    0x08000794   0x08000794   0x0000002a   Code   RO          345    .text.HAL_PCDEx_PMAConfig  stm32f1xx_hal_pcd_ex.o
    0x080007be   0x080007be   0x00000002   Code   RO          233    .text.HAL_PCDEx_SetConnectionState  usbd_conf.o
    0x080007c0   0x080007c0   0x0000000e   Code   RO          179    .text.HAL_PCD_DataInStageCallback  usbd_conf.o
    0x080007ce   0x080007ce   0x00000010   Code   RO          177    .text.HAL_PCD_DataOutStageCallback  usbd_conf.o
    0x080007de   0x080007de   0x00000038   Code   RO          303    .text.HAL_PCD_EP_Close  stm32f1xx_hal_pcd.o
    0x08000816   0x08000816   0x0000004e   Code   RO          313    .text.HAL_PCD_EP_ClrStall  stm32f1xx_hal_pcd.o
    0x08000864   0x08000864   0x0000002e   Code   RO          315    .text.HAL_PCD_EP_Flush  stm32f1xx_hal_pcd.o
    0x08000892   0x08000892   0x0000000e   Code   RO          307    .text.HAL_PCD_EP_GetRxCount  stm32f1xx_hal_pcd.o
    0x080008a0   0x080008a0   0x0000004e   Code   RO          301    .text.HAL_PCD_EP_Open  stm32f1xx_hal_pcd.o
    0x080008ee   0x080008ee   0x00000028   Code   RO          305    .text.HAL_PCD_EP_Receive  stm32f1xx_hal_pcd.o
    0x08000916   0x08000916   0x00000068   Code   RO          311    .text.HAL_PCD_EP_SetStall  stm32f1xx_hal_pcd.o
    0x0800097e   0x0800097e   0x00000026   Code   RO          309    .text.HAL_PCD_EP_Transmit  stm32f1xx_hal_pcd.o
    0x080009a4   0x080009a4   0x000003bc   Code   RO          271    .text.HAL_PCD_IRQHandler  stm32f1xx_hal_pcd.o
    0x08000d60   0x08000d60   0x000000c4   Code   RO          259    .text.HAL_PCD_Init  stm32f1xx_hal_pcd.o
    0x08000e24   0x08000e24   0x0000003c   Code   RO          171    .text.HAL_PCD_MspInit  usbd_conf.o
    0x08000e60   0x08000e60   0x00000024   Code   RO          183    .text.HAL_PCD_ResetCallback  usbd_conf.o
    0x08000e84   0x08000e84   0x00000008   Code   RO          187    .text.HAL_PCD_ResumeCallback  usbd_conf.o
    0x08000e8c   0x08000e8c   0x00000008   Code   RO          181    .text.HAL_PCD_SOFCallback  usbd_conf.o
    0x08000e94   0x08000e94   0x0000001c   Code   RO          275    .text.HAL_PCD_SetAddress  stm32f1xx_hal_pcd.o
    0x08000eb0   0x08000eb0   0x0000000e   Code   RO          175    .text.HAL_PCD_SetupStageCallback  usbd_conf.o
    0x08000ebe   0x08000ebe   0x00000020   Code   RO          269    .text.HAL_PCD_Start  stm32f1xx_hal_pcd.o
    0x08000ede   0x08000ede   0x00000002   PAD
    0x08000ee0   0x08000ee0   0x00000020   Code   RO          185    .text.HAL_PCD_SuspendCallback  usbd_conf.o
    0x08000f00   0x08000f00   0x0000000c   Code   RO          659    .text.HAL_PWR_EnableBkUpAccess  stm32f1xx_hal_pwr.o
    0x08000f0c   0x08000f0c   0x000000c0   Code   RO          545    .text.HAL_RCCEx_GetPeriphCLKFreq  stm32f1xx_hal_rcc_ex.o
    0x08000fcc   0x08000fcc   0x000000e4   Code   RO          541    .text.HAL_RCCEx_PeriphCLKConfig  stm32f1xx_hal_rcc_ex.o
    0x080010b0   0x080010b0   0x00000140   Code   RO          503    .text.HAL_RCC_ClockConfig  stm32f1xx_hal_rcc.o
    0x080011f0   0x080011f0   0x00000018   Code   RO          517    .text.HAL_RCC_GetPCLK2Freq  stm32f1xx_hal_rcc.o
    0x08001208   0x08001208   0x00000054   Code   RO          505    .text.HAL_RCC_GetSysClockFreq  stm32f1xx_hal_rcc.o
    0x0800125c   0x0800125c   0x00000300   Code   RO          501    .text.HAL_RCC_OscConfig  stm32f1xx_hal_rcc.o
    0x0800155c   0x0800155c   0x000000a0   Code   RO          792    .text.HAL_RTC_Init  stm32f1xx_hal_rtc.o
    0x080015fc   0x080015fc   0x00000038   Code   RO           49    .text.HAL_RTC_MspInit  rtc.o
    0x08001634   0x08001634   0x00000036   Code   RO          796    .text.HAL_RTC_WaitForSynchro  stm32f1xx_hal_rtc.o
    0x0800166a   0x0800166a   0x00000002   PAD
    0x0800166c   0x0800166c   0x00000028   Code   RO          625    .text.HAL_SYSTICK_Config  stm32f1xx_hal_cortex.o
    0x08001694   0x08001694   0x00000002   Code   RO           64    .text.HardFault_Handler  stm32f1xx_it.o
    0x08001696   0x08001696   0x0000002a   Code   RO          130    .text.IntToUnicode  usbd_desc.o
    0x080016c0   0x080016c0   0x00000040   Code   RO           20    .text.LED_Blink     main.o
    0x08001700   0x08001700   0x00000042   Code   RO         1059    .text.MSC_BOT_Abort  usbd_msc_bot.o
    0x08001742   0x08001742   0x00000030   Code   RO         1057    .text.MSC_BOT_CplClrFeature  usbd_msc_bot.o
    0x08001772   0x08001772   0x0000003a   Code   RO         1051    .text.MSC_BOT_DataIn  usbd_msc_bot.o
    0x080017ac   0x080017ac   0x000000d8   Code   RO         1055    .text.MSC_BOT_DataOut  usbd_msc_bot.o
    0x08001884   0x08001884   0x0000000a   Code   RO         1049    .text.MSC_BOT_DeInit  usbd_msc_bot.o
    0x0800188e   0x0800188e   0x00000032   Code   RO         1045    .text.MSC_BOT_Init  usbd_msc_bot.o
    0x080018c0   0x080018c0   0x00000016   Code   RO         1047    .text.MSC_BOT_Reset  usbd_msc_bot.o
    0x080018d6   0x080018d6   0x00000002   PAD
    0x080018d8   0x080018d8   0x00000034   Code   RO         1053    .text.MSC_BOT_SendCSW  usbd_msc_bot.o
    0x0800190c   0x0800190c   0x0000009c   Code   RO           37    .text.MX_GPIO_Init  gpio.o
    0x080019a8   0x080019a8   0x0000002c   Code   RO           47    .text.MX_RTC_Init   rtc.o
    0x080019d4   0x080019d4   0x00000050   Code   RO          107    .text.MX_USB_DEVICE_Init  usb_device.o
    0x08001a24   0x08001a24   0x00000002   Code   RO           66    .text.MemManage_Handler  stm32f1xx_it.o
    0x08001a26   0x08001a26   0x00000002   Code   RO           62    .text.NMI_Handler   stm32f1xx_it.o
    0x08001a28   0x08001a28   0x00000006   Code   RO          132    .text.OUTLINED_FUNCTION_0  usbd_desc.o
    0x08001a2e   0x08001a2e   0x00000010   Code   RO          323    .text.OUTLINED_FUNCTION_0  stm32f1xx_hal_pcd.o
    0x08001a3e   0x08001a3e   0x00000008   Code   RO          421    .text.OUTLINED_FUNCTION_0  stm32f1xx_ll_usb.o
    0x08001a46   0x08001a46   0x00000010   Code   RO          527    .text.OUTLINED_FUNCTION_0  stm32f1xx_hal_rcc.o
    0x08001a56   0x08001a56   0x00000012   Code   RO          645    .text.OUTLINED_FUNCTION_0  stm32f1xx_hal_cortex.o
    0x08001a68   0x08001a68   0x00000008   Code   RO          754    .text.OUTLINED_FUNCTION_0  stm32f1xx_hal_flash_ex.o
    0x08001a70   0x08001a70   0x0000000c   Code   RO          973    .text.OUTLINED_FUNCTION_0  usbd_ctlreq.o
    0x08001a7c   0x08001a7c   0x0000000c   Code   RO         1061    .text.OUTLINED_FUNCTION_0  usbd_msc_bot.o
    0x08001a88   0x08001a88   0x0000000a   Code   RO         1087    .text.OUTLINED_FUNCTION_0  usbd_msc_scsi.o
    0x08001a92   0x08001a92   0x00000008   Code   RO          325    .text.OUTLINED_FUNCTION_1  stm32f1xx_hal_pcd.o
    0x08001a9a   0x08001a9a   0x00000016   Code   RO          423    .text.OUTLINED_FUNCTION_1  stm32f1xx_ll_usb.o
    0x08001ab0   0x08001ab0   0x00000010   Code   RO          529    .text.OUTLINED_FUNCTION_1  stm32f1xx_hal_rcc.o
    0x08001ac0   0x08001ac0   0x00000006   Code   RO          975    .text.OUTLINED_FUNCTION_1  usbd_ctlreq.o
    0x08001ac6   0x08001ac6   0x0000000a   Code   RO         1063    .text.OUTLINED_FUNCTION_1  usbd_msc_bot.o
    0x08001ad0   0x08001ad0   0x00000014   Code   RO         1089    .text.OUTLINED_FUNCTION_1  usbd_msc_scsi.o
    0x08001ae4   0x08001ae4   0x0000000a   Code   RO          327    .text.OUTLINED_FUNCTION_2  stm32f1xx_hal_pcd.o
    0x08001aee   0x08001aee   0x0000000e   Code   RO          425    .text.OUTLINED_FUNCTION_2  stm32f1xx_ll_usb.o
    0x08001afc   0x08001afc   0x0000000a   Code   RO          531    .text.OUTLINED_FUNCTION_2  stm32f1xx_hal_rcc.o
    0x08001b06   0x08001b06   0x00000006   Code   RO          977    .text.OUTLINED_FUNCTION_2  usbd_ctlreq.o
    0x08001b0c   0x08001b0c   0x0000000c   Code   RO         1091    .text.OUTLINED_FUNCTION_2  usbd_msc_scsi.o
    0x08001b18   0x08001b18   0x0000000e   Code   RO          329    .text.OUTLINED_FUNCTION_3  stm32f1xx_hal_pcd.o
    0x08001b26   0x08001b26   0x0000000a   Code   RO          979    .text.OUTLINED_FUNCTION_3  usbd_ctlreq.o
    0x08001b30   0x08001b30   0x00000006   Code   RO         1093    .text.OUTLINED_FUNCTION_3  usbd_msc_scsi.o
    0x08001b36   0x08001b36   0x0000000a   Code   RO          331    .text.OUTLINED_FUNCTION_4  stm32f1xx_hal_pcd.o
    0x08001b40   0x08001b40   0x00000010   Code   RO          333    .text.OUTLINED_FUNCTION_5  stm32f1xx_hal_pcd.o
    0x08001b50   0x08001b50   0x0000000a   Code   RO          335    .text.OUTLINED_FUNCTION_6  stm32f1xx_hal_pcd.o
    0x08001b5a   0x08001b5a   0x00000002   Code   RO           76    .text.PendSV_Handler  stm32f1xx_it.o
    0x08001b5c   0x08001b5c   0x00000030   Code   RO          798    .text.RTC_EnterInitMode  stm32f1xx_hal_rtc.o
    0x08001b8c   0x08001b8c   0x00000032   Code   RO          800    .text.RTC_ExitInitMode  stm32f1xx_hal_rtc.o
    0x08001bbe   0x08001bbe   0x00000026   Code   RO         1085    .text.SCSI_CheckAddressRange  usbd_msc_scsi.o
    0x08001be4   0x08001be4   0x0000041c   Code   RO         1081    .text.SCSI_ProcessCmd  usbd_msc_scsi.o
    0x08002000   0x08002000   0x00000028   Code   RO         1083    .text.SCSI_SenseCode  usbd_msc_scsi.o
    0x08002028   0x08002028   0x0000000e   Code   RO          149    .text.STORAGE_GetCapacity_FS  usbd_storage_if.o
    0x08002036   0x08002036   0x00000004   Code   RO          159    .text.STORAGE_GetMaxLun_FS  usbd_storage_if.o
    0x0800203a   0x0800203a   0x0000000a   Code   RO          147    .text.STORAGE_Init_FS  usbd_storage_if.o
    0x08002044   0x08002044   0x00000004   Code   RO          151    .text.STORAGE_IsReady_FS  usbd_storage_if.o
    0x08002048   0x08002048   0x00000004   Code   RO          153    .text.STORAGE_IsWriteProtected_FS  usbd_storage_if.o
    0x0800204c   0x0800204c   0x00000012   Code   RO          155    .text.STORAGE_Read_FS  usbd_storage_if.o
    0x0800205e   0x0800205e   0x00000012   Code   RO          157    .text.STORAGE_Write_FS  usbd_storage_if.o
    0x08002070   0x08002070   0x00000002   Code   RO           72    .text.SVC_Handler   stm32f1xx_it.o
    0x08002072   0x08002072   0x00000004   Code   RO           78    .text.SysTick_Handler  stm32f1xx_it.o
    0x08002076   0x08002076   0x0000005e   Code   RO           24    .text.SystemClock_Config  main.o
    0x080020d4   0x080020d4   0x0000004c   Code   RO          898    .text.SystemInit    system_stm32f1xx.o
    0x08002120   0x08002120   0x0000000e   Code   RO          927    .text.USBD_ClrClassConfig  usbd_core.o
    0x0800212e   0x0800212e   0x00000010   Code   RO          996    .text.USBD_CtlContinueRx  usbd_ioreq.o
    0x0800213e   0x0800213e   0x00000010   Code   RO          992    .text.USBD_CtlContinueSendData  usbd_ioreq.o
    0x0800214e   0x0800214e   0x00000016   Code   RO          963    .text.USBD_CtlError  usbd_ctlreq.o
    0x08002164   0x08002164   0x00000016   Code   RO         1000    .text.USBD_CtlReceiveStatus  usbd_ioreq.o
    0x0800217a   0x0800217a   0x0000001a   Code   RO          990    .text.USBD_CtlSendData  usbd_ioreq.o
    0x08002194   0x08002194   0x00000016   Code   RO          998    .text.USBD_CtlSendStatus  usbd_ioreq.o
    0x080021aa   0x080021aa   0x00000002   PAD
    0x080021ac   0x080021ac   0x0000001c   Code   RO          126    .text.USBD_FS_ConfigStrDescriptor  usbd_desc.o
    0x080021c8   0x080021c8   0x0000000c   Code   RO          116    .text.USBD_FS_DeviceDescriptor  usbd_desc.o
    0x080021d4   0x080021d4   0x00000020   Code   RO          128    .text.USBD_FS_InterfaceStrDescriptor  usbd_desc.o
    0x080021f4   0x080021f4   0x0000000c   Code   RO          118    .text.USBD_FS_LangIDStrDescriptor  usbd_desc.o
    0x08002200   0x08002200   0x00000024   Code   RO          120    .text.USBD_FS_ManufacturerStrDescriptor  usbd_desc.o
    0x08002224   0x08002224   0x00000028   Code   RO          122    .text.USBD_FS_ProductStrDescriptor  usbd_desc.o
    0x0800224c   0x0800224c   0x00000034   Code   RO          124    .text.USBD_FS_SerialStrDescriptor  usbd_desc.o
    0x08002280   0x08002280   0x00000042   Code   RO          971    .text.USBD_GetString  usbd_ctlreq.o
    0x080022c2   0x080022c2   0x00000002   PAD
    0x080022c4   0x080022c4   0x00000018   Code   RO          201    .text.USBD_Get_USB_Status  usbd_conf.o
    0x080022dc   0x080022dc   0x0000002a   Code   RO          913    .text.USBD_Init     usbd_core.o
    0x08002306   0x08002306   0x00000012   Code   RO          215    .text.USBD_LL_ClearStallEP  usbd_conf.o
    0x08002318   0x08002318   0x00000012   Code   RO          209    .text.USBD_LL_CloseEP  usbd_conf.o
    0x0800232a   0x0800232a   0x000000be   Code   RO          933    .text.USBD_LL_DataInStage  usbd_core.o
    0x080023e8   0x080023e8   0x0000007e   Code   RO          931    .text.USBD_LL_DataOutStage  usbd_core.o
    0x08002466   0x08002466   0x00000012   Code   RO          211    .text.USBD_LL_FlushEP  usbd_conf.o
    0x08002478   0x08002478   0x00000008   Code   RO          225    .text.USBD_LL_GetRxDataSize  usbd_conf.o
    0x08002480   0x08002480   0x00000070   Code   RO          197    .text.USBD_LL_Init  usbd_conf.o
    0x080024f0   0x080024f0   0x0000001e   Code   RO          217    .text.USBD_LL_IsStallEP  usbd_conf.o
    0x0800250e   0x0800250e   0x00000018   Code   RO          207    .text.USBD_LL_OpenEP  usbd_conf.o
    0x08002526   0x08002526   0x00000012   Code   RO          223    .text.USBD_LL_PrepareReceive  usbd_conf.o
    0x08002538   0x08002538   0x00000050   Code   RO          935    .text.USBD_LL_Reset  usbd_core.o
    0x08002588   0x08002588   0x00000014   Code   RO          941    .text.USBD_LL_Resume  usbd_core.o
    0x0800259c   0x0800259c   0x0000001c   Code   RO          943    .text.USBD_LL_SOF   usbd_core.o
    0x080025b8   0x080025b8   0x00000006   Code   RO          937    .text.USBD_LL_SetSpeed  usbd_core.o
    0x080025be   0x080025be   0x00000012   Code   RO          219    .text.USBD_LL_SetUSBAddress  usbd_conf.o
    0x080025d0   0x080025d0   0x00000056   Code   RO          929    .text.USBD_LL_SetupStage  usbd_core.o
    0x08002626   0x08002626   0x00000012   Code   RO          213    .text.USBD_LL_StallEP  usbd_conf.o
    0x08002638   0x08002638   0x00000012   Code   RO          203    .text.USBD_LL_Start  usbd_conf.o
    0x0800264a   0x0800264a   0x00000012   Code   RO          939    .text.USBD_LL_Suspend  usbd_core.o
    0x0800265c   0x0800265c   0x00000012   Code   RO          221    .text.USBD_LL_Transmit  usbd_conf.o
    0x0800266e   0x0800266e   0x0000000a   Code   RO         1018    .text.USBD_MSC_DataIn  usbd_msc.o
    0x08002678   0x08002678   0x0000000a   Code   RO         1020    .text.USBD_MSC_DataOut  usbd_msc.o
    0x08002682   0x08002682   0x00000032   Code   RO         1014    .text.USBD_MSC_DeInit  usbd_msc.o
    0x080026b4   0x080026b4   0x0000000c   Code   RO         1028    .text.USBD_MSC_GetDeviceQualifierDescriptor  usbd_msc.o
    0x080026c0   0x080026c0   0x0000000c   Code   RO         1024    .text.USBD_MSC_GetFSCfgDesc  usbd_msc.o
    0x080026cc   0x080026cc   0x0000000c   Code   RO         1022    .text.USBD_MSC_GetHSCfgDesc  usbd_msc.o
    0x080026d8   0x080026d8   0x0000000c   Code   RO         1026    .text.USBD_MSC_GetOtherSpeedCfgDesc  usbd_msc.o
    0x080026e4   0x080026e4   0x0000004c   Code   RO         1012    .text.USBD_MSC_Init  usbd_msc.o
    0x08002730   0x08002730   0x0000000a   Code   RO         1030    .text.USBD_MSC_RegisterStorage  usbd_msc.o
    0x0800273a   0x0800273a   0x00000122   Code   RO         1016    .text.USBD_MSC_Setup  usbd_msc.o
    0x0800285c   0x0800285c   0x00000016   Code   RO          969    .text.USBD_ParseSetupRequest  usbd_ctlreq.o
    0x08002872   0x08002872   0x0000000e   Code   RO          917    .text.USBD_RegisterClass  usbd_core.o
    0x08002880   0x08002880   0x0000001a   Code   RO          925    .text.USBD_SetClassConfig  usbd_core.o
    0x0800289a   0x0800289a   0x0000000a   Code   RO          919    .text.USBD_Start    usbd_core.o
    0x080028a4   0x080028a4   0x00000258   Code   RO          961    .text.USBD_StdDevReq  usbd_ctlreq.o
    0x08002afc   0x08002afc   0x00000118   Code   RO          967    .text.USBD_StdEPReq  usbd_ctlreq.o
    0x08002c14   0x08002c14   0x0000003c   Code   RO          965    .text.USBD_StdItfReq  usbd_ctlreq.o
    0x08002c50   0x08002c50   0x00000002   Code   RO          231    .text.USBD_static_free  usbd_conf.o
    0x08002c52   0x08002c52   0x00000002   PAD
    0x08002c54   0x08002c54   0x00000008   Code   RO          229    .text.USBD_static_malloc  usbd_conf.o
    0x08002c5c   0x08002c5c   0x0000024c   Code   RO          377    .text.USB_ActivateEndpoint  stm32f1xx_ll_usb.o
    0x08002ea8   0x08002ea8   0x00000004   Code   RO          361    .text.USB_CoreInit  stm32f1xx_ll_usb.o
    0x08002eac   0x08002eac   0x000000b6   Code   RO          379    .text.USB_DeactivateEndpoint  stm32f1xx_ll_usb.o
    0x08002f62   0x08002f62   0x00000004   Code   RO          397    .text.USB_DevConnect  stm32f1xx_ll_usb.o
    0x08002f66   0x08002f66   0x00000004   Code   RO          399    .text.USB_DevDisconnect  stm32f1xx_ll_usb.o
    0x08002f6a   0x08002f6a   0x00000020   Code   RO          369    .text.USB_DevInit   stm32f1xx_ll_usb.o
    0x08002f8a   0x08002f8a   0x0000000e   Code   RO          365    .text.USB_DisableGlobalInt  stm32f1xx_ll_usb.o
    0x08002f98   0x08002f98   0x00000004   Code   RO          413    .text.USB_EP0_OutStart  stm32f1xx_ll_usb.o
    0x08002f9c   0x08002f9c   0x0000006e   Code   RO          391    .text.USB_EPClearStall  stm32f1xx_ll_usb.o
    0x0800300a   0x0800300a   0x00000002   PAD
    0x0800300c   0x0800300c   0x00000030   Code   RO          389    .text.USB_EPSetStall  stm32f1xx_ll_usb.o
    0x0800303c   0x0800303c   0x000001b8   Code   RO          381    .text.USB_EPStartXfer  stm32f1xx_ll_usb.o
    0x080031f4   0x080031f4   0x0000000c   Code   RO          363    .text.USB_EnableGlobalInt  stm32f1xx_ll_usb.o
    0x08003200   0x08003200   0x00000004   Code   RO          375    .text.USB_FlushRxFifo  stm32f1xx_ll_usb.o
    0x08003204   0x08003204   0x00000004   Code   RO          373    .text.USB_FlushTxFifo  stm32f1xx_ll_usb.o
    0x08003208   0x08003208   0x0000000c   Code   RO           80    .text.USB_LP_CAN1_RX0_IRQHandler  stm32f1xx_it.o
    0x08003214   0x08003214   0x00000006   Code   RO          401    .text.USB_ReadInterrupts  stm32f1xx_ll_usb.o
    0x0800321a   0x0800321a   0x0000002a   Code   RO          419    .text.USB_ReadPMA   stm32f1xx_ll_usb.o
    0x08003244   0x08003244   0x00000064   Code   RO           18    .text.USB_Reset     main.o
    0x080032a8   0x080032a8   0x00000004   Code   RO          367    .text.USB_SetCurrentMode  stm32f1xx_ll_usb.o
    0x080032ac   0x080032ac   0x0000000c   Code   RO          395    .text.USB_SetDevAddress  stm32f1xx_ll_usb.o
    0x080032b8   0x080032b8   0x0000001c   Code   RO          383    .text.USB_WritePMA  stm32f1xx_ll_usb.o
    0x080032d4   0x080032d4   0x00000002   Code   RO           70    .text.UsageFault_Handler  stm32f1xx_it.o
    0x080032d6   0x080032d6   0x0000000a   Code   RO            4    .text.flash_init    flash_access.o
    0x080032e0   0x080032e0   0x00000020   Code   RO            6    .text.flash_read_multi_blocks  flash_access.o
    0x08003300   0x08003300   0x00000060   Code   RO            8    .text.flash_write_multi_blocks  flash_access.o
    0x08003360   0x08003360   0x00000044   Code   RO            2    .text.flashx_init   flash_access.o
    0x080033a4   0x080033a4   0x0000002e   Code   RO           22    .text.main          main.o
    0x080033d2   0x080033d2   0x0000000e   Code   RO         1125    i.__scatterload_copy  mc_w.l(handlers.o)
    0x080033e0   0x080033e0   0x00000002   Code   RO         1126    i.__scatterload_null  mc_w.l(handlers.o)
    0x080033e2   0x080033e2   0x0000000e   Code   RO         1127    i.__scatterload_zeroinit  mc_w.l(handlers.o)
    0x080033f0   0x080033f0   0x00000010   Data   RO          903    .rodata.AHBPrescTable  system_stm32f1xx.o
    0x08003400   0x08003400   0x00000008   Data   RO          904    .rodata.APBPrescTable  system_stm32f1xx.o
    0x08003408   0x08003408   0x00000008   Data   RO         1075    .rodata.MSC_Mode_Sense10_data  usbd_msc_data.o
    0x08003410   0x08003410   0x00000008   Data   RO         1074    .rodata.MSC_Mode_Sense6_data  usbd_msc_data.o
    0x08003418   0x08003418   0x00000007   Data   RO         1073    .rodata.MSC_Page00_Inquiry_Data  usbd_msc_data.o
    0x0800341f   0x0800341f   0x00000024   Data   RO          161    .rodata.STORAGE_Inquirydata_FS  usbd_storage_if.o
    0x08003443   0x08003443   0x00000001   PAD
    0x08003444   0x08003444   0x00000020   Data   RO         1124    Region$$Table       anon$$obj.o


    Execution Region RW_IRAM1 (Exec base: 0x20000000, Load base: 0x08003468, Size: 0x00001100, Max: 0x00005000, ABSOLUTE)

    Exec Addr    Load Addr    Size         Type   Attr      Idx    E Section Name        Object

    0x20000000   0x08003468   0x00000008   Data   RW          490    .data..L_MergedGlobals  stm32f1xx_hal.o
    0x20000008   0x08003470   0x0000001c   Data   RW          134    .data.FS_Desc       usbd_desc.o
    0x20000024   0x0800348c   0x00000004   Data   RW          902    .data.SystemCoreClock  system_stm32f1xx.o
    0x20000028   0x08003490   0x00000012   Data   RW          135    .data.USBD_FS_DeviceDesc  usbd_desc.o
    0x2000003a   0x080034a2   0x00000002   PAD
    0x2000003c   0x080034a4   0x00000004   Data   RW          136    .data.USBD_LangIDDesc  usbd_desc.o
    0x20000040   0x080034a8   0x00000038   Data   RW         1032    .data.USBD_MSC      usbd_msc.o
    0x20000078   0x080034e0   0x00000020   Data   RW         1034    .data.USBD_MSC_CfgFSDesc  usbd_msc.o
    0x20000098   0x08003500   0x00000020   Data   RW         1033    .data.USBD_MSC_CfgHSDesc  usbd_msc.o
    0x200000b8   0x08003520   0x0000000a   Data   RW         1036    .data.USBD_MSC_DeviceQualifierDesc  usbd_msc.o
    0x200000c2   0x0800352a   0x00000002   PAD
    0x200000c4   0x0800352c   0x00000020   Data   RW         1035    .data.USBD_MSC_OtherSpeedCfgDesc  usbd_msc.o
    0x200000e4   0x0800354c   0x00000020   Data   RW          162    .data.USBD_Storage_Interface_fops_FS  usbd_storage_if.o
    0x20000104   0x0800356c   0x0000001a   Data   RW          137    .data.USBD_StringSerial  usbd_desc.o
    0x2000011e   0x08003586   0x00000002   PAD
    0x20000120        -       0x00000001   Zero   RW          981    .bss.USBD_SetConfig.cfgidx  usbd_ctlreq.o
    0x20000121   0x08003586   0x00000003   PAD
    0x20000124        -       0x00000200   Zero   RW          138    .bss.USBD_StrDesc   usbd_desc.o
    0x20000324        -       0x00000470   Zero   RW          236    .bss.USBD_static_malloc.mem  usbd_conf.o
    0x20000794        -       0x000002c4   Zero   RW          109    .bss.hUsbDeviceFS   usb_device.o
    0x20000a58        -       0x0000026c   Zero   RW          235    .bss.hpcd_USB_FS    usbd_conf.o
    0x20000cc4        -       0x00000014   Zero   RW           53    .bss.hrtc           rtc.o
    0x20000cd8        -       0x00000020   Zero   RW          729    .bss.pFlash         stm32f1xx_hal_flash.o
    0x20000cf8        -       0x00000004   Zero   RW          489    .bss.uwTick         stm32f1xx_hal.o
    0x20000cfc   0x08003586   0x00000004   PAD
    0x20000d00        -       0x00000400   Zero   RW           97    STACK               startup_stm32f103xb.o


==============================================================================

Image component sizes


      Code (inc. data)   RO Data    RW Data    ZI Data      Debug   Object Name

       206         12          0          0          0       2600   flash_access.o
       156          8          0          0          0       1790   gpio.o
       306         12          0          0          0       3999   main.o
       100         16          0          0         20       2546   rtc.o
        36          8        236          0       1024        844   startup_stm32f103xb.o
       164         20          0          8          4       5894   stm32f1xx_hal.o
       190         24          0          0          0       8349   stm32f1xx_hal_cortex.o
       356         24          0          0         32       5270   stm32f1xx_hal_flash.o
       192          0          0          0          0       7072   stm32f1xx_hal_flash_ex.o
       660         52          0          0          0       4580   stm32f1xx_hal_gpio.o
        64          8          0          0          0       1259   stm32f1xx_hal_msp.o
      1750          4          0          0          0      11542   stm32f1xx_hal_pcd.o
        42          0          0          0          0       4074   stm32f1xx_hal_pcd_ex.o
        12          4          0          0          0       4359   stm32f1xx_hal_pwr.o
      1238         64          0          0          0       7581   stm32f1xx_hal_rcc.o
       420         32          0          0          0       3651   stm32f1xx_hal_rcc_ex.o
       312          4          0          0          0      14550   stm32f1xx_hal_rtc.o
        32          4          0          0          0       3777   stm32f1xx_it.o
      1586         24          0          0          0      12119   stm32f1xx_ll_usb.o
        76         16         24          4          0       2201   system_stm32f1xx.o
        80         16          0          0        708       2968   usb_device.o
       542         32          0          0       1756      14811   usbd_conf.o
       660          0          0          0          0       7708   usbd_core.o
      1084         38          0          0          1       7850   usbd_ctlreq.o
       260         88          0         76        512       3659   usbd_desc.o
       102          0          0          0          0       4479   usbd_ioreq.o
       494         16          0        162          0       6965   usbd_msc.o
       544          8          0          0          0       7908   usbd_msc_bot.o
         0          0         23          0          0        742   usbd_msc_data.o
      1178         30          0          0          0      11114   usbd_msc_scsi.o
        72          0         36         32          0       2612   usbd_storage_if.o

    ----------------------------------------------------------------------
     12930        564        352        288       4064     178873   Object Totals
         0          0         32          0          0          0   (incl. Generated)
        16          0          1          6          7          0   (incl. Padding)

    ----------------------------------------------------------------------

      Code (inc. data)   RO Data    RW Data    ZI Data      Debug   Library Member Name

         0          0          0          0          0          0   entry.o
         0          0          0          0          0          0   entry10a.o
         0          0          0          0          0          0   entry11a.o
         8          4          0          0          0          0   entry2.o
         4          0          0          0          0          0   entry5.o
         0          0          0          0          0          0   entry7b.o
         0          0          0          0          0          0   entry8b.o
         8          4          0          0          0          0   entry9a.o
        30          0          0          0          0          0   handlers.o
        48         10          0          0          0         68   init.o
        32          0          0          0          0         68   llushr.o

    ----------------------------------------------------------------------
       130         18          0          0          0        136   Library Totals
         0          0          0          0          0          0   (incl. Padding)

    ----------------------------------------------------------------------

      Code (inc. data)   RO Data    RW Data    ZI Data      Debug   Library Name

       130         18          0          0          0        136   mc_w.l

    ----------------------------------------------------------------------
       130         18          0          0          0        136   Library Totals

    ----------------------------------------------------------------------

==============================================================================


      Code (inc. data)   RO Data    RW Data    ZI Data      Debug   

     13060        582        352        288       4064     178601   Grand Totals
     13060        582        352        288       4064     178601   ELF Image Totals
     13060        582        352        288          0          0   ROM Totals

==============================================================================

    Total RO  Size (Code + RO Data)                13412 (  13.10kB)
    Total RW  Size (RW Data + ZI Data)              4352 (   4.25kB)
    Total ROM Size (Code + RO Data + RW Data)      13700 (  13.38kB)

==============================================================================

